Component: ARM Compiler 6.16 Tool: armlink [5dfeaa00]

==============================================================================

Section Cross References

    startup_stm32f407xx.o(RESET) refers to startup_stm32f407xx.o(STACK) for __initial_sp
    startup_stm32f407xx.o(RESET) refers to startup_stm32f407xx.o(.text) for Reset_Handler
    startup_stm32f407xx.o(RESET) refers to stm32f4xx_it.o(.text.NMI_Handler) for NMI_Handler
    startup_stm32f407xx.o(RESET) refers to cmb_fault_keil.o(.text) for HardFault_Handler
    startup_stm32f407xx.o(RESET) refers to stm32f4xx_it.o(.text.MemManage_Handler) for MemManage_Handler
    startup_stm32f407xx.o(RESET) refers to stm32f4xx_it.o(.text.BusFault_Handler) for BusFault_Handler
    startup_stm32f407xx.o(RESET) refers to stm32f4xx_it.o(.text.UsageFault_Handler) for UsageFault_Handler
    startup_stm32f407xx.o(RESET) refers to stm32f4xx_it.o(.text.SVC_Handler) for SVC_Handler
    startup_stm32f407xx.o(RESET) refers to stm32f4xx_it.o(.text.DebugMon_Handler) for DebugMon_Handler
    startup_stm32f407xx.o(RESET) refers to stm32f4xx_it.o(.text.PendSV_Handler) for PendSV_Handler
    startup_stm32f407xx.o(RESET) refers to stm32f4xx_it.o(.text.SysTick_Handler) for SysTick_Handler
    startup_stm32f407xx.o(RESET) refers to stm32f4xx_it.o(.text.DMA1_Stream5_IRQHandler) for DMA1_Stream5_IRQHandler
    startup_stm32f407xx.o(RESET) refers to stm32f4xx_it.o(.text.DMA1_Stream6_IRQHandler) for DMA1_Stream6_IRQHandler
    startup_stm32f407xx.o(RESET) refers to stm32f4xx_it.o(.text.TIM1_TRG_COM_TIM11_IRQHandler) for TIM1_TRG_COM_TIM11_IRQHandler
    startup_stm32f407xx.o(RESET) refers to stm32f4xx_it.o(.text.USART1_IRQHandler) for USART1_IRQHandler
    startup_stm32f407xx.o(RESET) refers to stm32f4xx_it.o(.text.USART2_IRQHandler) for USART2_IRQHandler
    startup_stm32f407xx.o(RESET) refers to stm32f4xx_it.o(.text.DMA2_Stream2_IRQHandler) for DMA2_Stream2_IRQHandler
    startup_stm32f407xx.o(RESET) refers to stm32f4xx_it.o(.text.DMA2_Stream7_IRQHandler) for DMA2_Stream7_IRQHandler
    startup_stm32f407xx.o(.text) refers to system_stm32f4xx.o(.text.SystemInit) for SystemInit
    startup_stm32f407xx.o(.text) refers to entry.o(.ARM.Collect$$$$00000000) for __main
    lua_demo.o(.ARM.exidx.text.time) refers to lua_demo.o(.text.time) for [Anonymous Symbol]
    lua_demo.o(.ARM.exidx.text.system) refers to lua_demo.o(.text.system) for [Anonymous Symbol]
    lua_demo.o(.ARM.exidx.text.exit) refers to lua_demo.o(.text.exit) for [Anonymous Symbol]
    lua_demo.o(.text.LUA_Test) refers to lauxlib.o(.text.luaL_newstate) for luaL_newstate
    lua_demo.o(.text.LUA_Test) refers to lbaselib.o(.text.luaopen_base) for luaopen_base
    lua_demo.o(.text.LUA_Test) refers to lua_demo.o(.data.mylib) for mylib
    lua_demo.o(.text.LUA_Test) refers to lauxlib.o(.text.luaL_setfuncs) for luaL_setfuncs
    lua_demo.o(.text.LUA_Test) refers to lua_demo.o(.rodata.lua_test) for lua_test
    lua_demo.o(.text.LUA_Test) refers to lauxlib.o(.text.luaL_loadstring) for luaL_loadstring
    lua_demo.o(.text.LUA_Test) refers to lapi.o(.text.lua_pcallk) for lua_pcallk
    lua_demo.o(.text.LUA_Test) refers to lstate.o(.text.lua_close) for lua_close
    lua_demo.o(.ARM.exidx.text.LUA_Test) refers to lua_demo.o(.text.LUA_Test) for [Anonymous Symbol]
    lua_demo.o(.text.lua_delay) refers to lapi.o(.text.lua_tointegerx) for lua_tointegerx
    lua_demo.o(.text.lua_delay) refers to stm32f4xx_hal.o(.text.HAL_Delay) for HAL_Delay
    lua_demo.o(.ARM.exidx.text.lua_delay) refers to lua_demo.o(.text.lua_delay) for [Anonymous Symbol]
    lua_demo.o(.text.lua_led_on) refers to stm32f4xx_hal_gpio.o(.text.HAL_GPIO_WritePin) for HAL_GPIO_WritePin
    lua_demo.o(.ARM.exidx.text.lua_led_on) refers to lua_demo.o(.text.lua_led_on) for [Anonymous Symbol]
    lua_demo.o(.text.lua_led_off) refers to stm32f4xx_hal_gpio.o(.text.HAL_GPIO_WritePin) for HAL_GPIO_WritePin
    lua_demo.o(.ARM.exidx.text.lua_led_off) refers to lua_demo.o(.text.lua_led_off) for [Anonymous Symbol]
    lua_demo.o(.data.mylib) refers to lua_demo.o(.rodata.str1.1) for [Anonymous Symbol]
    lua_demo.o(.data.mylib) refers to lua_demo.o(.text.lua_delay) for lua_delay
    lua_demo.o(.data.mylib) refers to lua_demo.o(.text.lua_led_on) for lua_led_on
    lua_demo.o(.data.mylib) refers to lua_demo.o(.text.lua_led_off) for lua_led_off
    main.o(.ARM.exidx.text.HAL_TIM_PeriodElapsedCallback) refers to main.o(.text.HAL_TIM_PeriodElapsedCallback) for [Anonymous Symbol]
    main.o(.text.main) refers to cm_backtrace.o(.text.cm_backtrace_init) for cm_backtrace_init
    main.o(.text.main) refers to stm32f4xx_hal.o(.text.HAL_Init) for HAL_Init
    main.o(.text.main) refers to main.o(.text.SystemClock_Config) for SystemClock_Config
    main.o(.text.main) refers to gpio.o(.text.MX_GPIO_Init) for MX_GPIO_Init
    main.o(.text.main) refers to dma.o(.text.MX_DMA_Init) for MX_DMA_Init
    main.o(.text.main) refers to tim.o(.text.MX_TIM11_Init) for MX_TIM11_Init
[...]
    lua_pushvalue                            0x0801827d   Thumb Code   120  lapi.o(.text.lua_pushvalue)
    lua_pushvfstring                         0x080182f5   Thumb Code    28  lapi.o(.text.lua_pushvfstring)
    lua_rawequal                             0x08018311   Thumb Code   228  lapi.o(.text.lua_rawequal)
    lua_rawget                               0x080183f5   Thumb Code   138  lapi.o(.text.lua_rawget)
    lua_rawgeti                              0x08018481   Thumb Code   136  lapi.o(.text.lua_rawgeti)
    lua_rawlen                               0x08018509   Thumb Code   154  lapi.o(.text.lua_rawlen)
    lua_rawset                               0x080185a5   Thumb Code   160  lapi.o(.text.lua_rawset)
    lua_rotate                               0x08018645   Thumb Code   166  lapi.o(.text.lua_rotate)
    lua_setfield                             0x080186ed   Thumb Code   132  lapi.o(.text.lua_setfield)
    lua_setmetatable                         0x08018771   Thumb Code   226  lapi.o(.text.lua_setmetatable)
    lua_settop                               0x08018855   Thumb Code   236  lapi.o(.text.lua_settop)
    lua_setupvalue                           0x08018941   Thumb Code   232  lapi.o(.text.lua_setupvalue)
    lua_setwarnf                             0x08018a29   Thumb Code     8  lapi.o(.text.lua_setwarnf)
    lua_stringtonumber                       0x08018a31   Thumb Code    28  lapi.o(.text.lua_stringtonumber)
    lua_toboolean                            0x08018a4d   Thumb Code   126  lapi.o(.text.lua_toboolean)
    lua_tointegerx                           0x08018acd   Thumb Code   136  lapi.o(.text.lua_tointegerx)
    lua_tolstring                            0x08018b55   Thumb Code   258  lapi.o(.text.lua_tolstring)
    lua_tonumberx                            0x08018c59   Thumb Code   136  lapi.o(.text.lua_tonumberx)
    lua_topointer                            0x08018ce1   Thumb Code   160  lapi.o(.text.lua_topointer)
    lua_type                                 0x08018d81   Thumb Code   118  lapi.o(.text.lua_type)
    lua_typename                             0x08018df9   Thumb Code    16  lapi.o(.text.lua_typename)
    lua_warning                              0x08018e09   Thumb Code     4  lapi.o(.text.lua_warning)
    luaopen_base                             0x08018e0d   Thumb Code    92  lbaselib.o(.text.luaopen_base)
    main                                     0x08018e71   Thumb Code   160  main.o(.text.main)
    time                                     0x0801c3e1   Thumb Code     4  lua_demo.o(.text.time)
    __0fprintf                               0x0801c989   Thumb Code    22  printfa.o(i.__0fprintf)
    __1fprintf                               0x0801c989   Thumb Code     0  printfa.o(i.__0fprintf)
    __2fprintf                               0x0801c989   Thumb Code     0  printfa.o(i.__0fprintf)
    __c89fprintf                             0x0801c989   Thumb Code     0  printfa.o(i.__0fprintf)
    fprintf                                  0x0801c989   Thumb Code     0  printfa.o(i.__0fprintf)
    __0printf                                0x0801c9a5   Thumb Code    22  printfa.o(i.__0printf)
    __1printf                                0x0801c9a5   Thumb Code     0  printfa.o(i.__0printf)
    __2printf                                0x0801c9a5   Thumb Code     0  printfa.o(i.__0printf)
    __c89printf                              0x0801c9a5   Thumb Code     0  printfa.o(i.__0printf)
    printf                                   0x0801c9a5   Thumb Code     0  printfa.o(i.__0printf)
    __0snprintf                              0x0801c9c5   Thumb Code    48  printfa.o(i.__0snprintf)
    __1snprintf                              0x0801c9c5   Thumb Code     0  printfa.o(i.__0snprintf)
    __2snprintf                              0x0801c9c5   Thumb Code     0  printfa.o(i.__0snprintf)
    __c89snprintf                            0x0801c9c5   Thumb Code     0  printfa.o(i.__0snprintf)
    snprintf                                 0x0801c9c5   Thumb Code     0  printfa.o(i.__0snprintf)
    __0sprintf                               0x0801c9f9   Thumb Code    34  printfa.o(i.__0sprintf)
    __1sprintf                               0x0801c9f9   Thumb Code     0  printfa.o(i.__0sprintf)
    __2sprintf                               0x0801c9f9   Thumb Code     0  printfa.o(i.__0sprintf)
    __c89sprintf                             0x0801c9f9   Thumb Code     0  printfa.o(i.__0sprintf)
    sprintf                                  0x0801c9f9   Thumb Code     0  printfa.o(i.__0sprintf)
    __ARM_fpclassifyf                        0x0801ca21   Thumb Code    38  fpclassifyf.o(i.__ARM_fpclassifyf)
    __aeabi_errno_addr                       0x0801ca49   Thumb Code     4  errno.o(i.__aeabi_errno_addr)
    __rt_errno_addr                          0x0801ca49   Thumb Code     0  errno.o(i.__aeabi_errno_addr)
    free                                     0x0801ca51   Thumb Code    88  mallocr.o(i.__free$realloc)
    __hardfp_floorf                          0x0801caad   Thumb Code    98  floorf.o(i.__hardfp_floorf)
    __hardfp_fmodf                           0x0801cb1d   Thumb Code   176  fmodf.o(i.__hardfp_fmodf)
    __hardfp_frexpf                          0x0801cbcd   Thumb Code    80  frexpf.o(i.__hardfp_frexpf)
    __hardfp_ldexpf                          0x0801cc21   Thumb Code   142  ldexpf.o(i.__hardfp_ldexpf)
    __hardfp_powf                            0x0801ccb1   Thumb Code  1606  powf.o(i.__hardfp_powf)
    __mathlib_powf                           0x0801ccb1   Thumb Code     0  powf.o(i.__hardfp_powf)
    __hardfp_strtof                          0x0801d315   Thumb Code    26  strtof.o(i.__hardfp_strtof)
    __malloc$realloc                         0x0801d335   Thumb Code    64  mallocr.o(i.__malloc$realloc)
    __mathlib_flt_divzero                    0x0801d385   Thumb Code    14  funder.o(i.__mathlib_flt_divzero)
    __mathlib_flt_infnan2                    0x0801d399   Thumb Code     6  funder.o(i.__mathlib_flt_infnan2)
    __mathlib_flt_invalid                    0x0801d3a1   Thumb Code    10  funder.o(i.__mathlib_flt_invalid)
    __mathlib_flt_overflow                   0x0801d3b1   Thumb Code    10  funder.o(i.__mathlib_flt_overflow)
    __mathlib_flt_underflow                  0x0801d3c1   Thumb Code    10  funder.o(i.__mathlib_flt_underflow)
    __scatterload_copy                       0x0801d3d1   Thumb Code    14  handlers.o(i.__scatterload_copy)
    __scatterload_null                       0x0801d3df   Thumb Code     2  handlers.o(i.__scatterload_null)
    __scatterload_zeroinit                   0x0801d3e1   Thumb Code    14  handlers.o(i.__scatterload_zeroinit)
    __set_errno                              0x0801d3f1   Thumb Code     6  errno.o(i.__set_errno)
    _is_digit                                0x0801d581   Thumb Code    14  scanf_fp.o(i._is_digit)
    fputc                                    0x0801dcdf   Thumb Code    18  fputc.o(i.fputc)
    fputs                                    0x0801dcf1   Thumb Code    24  fputs.o(i.fputs)
    fread                                    0x0801dd09   Thumb Code    52  fread.o(i.fread)
    fwrite                                   0x0801dd3d   Thumb Code    36  fwrite.o(i.fwrite)
    getc                                     0x0801dd61   Thumb Code     4  getc.o(i.getc)
    puts                                     0x0801ddb5   Thumb Code    30  puts.o(i.puts)
    realloc                                  0x0801ddd9   Thumb Code   102  mallocr.o(i.realloc)
    __ctype_table                            0x0801df84   Data         129  ctype_o.o(.constdata)
    __internal_lconv                         0x0801e00c   Data          56  ilconv.o(.constdata)
    AHBPrescTable                            0x0801e049   Data          16  system_stm32f4xx.o(.rodata.AHBPrescTable)
    APBPrescTable                            0x0801e059   Data           8  system_stm32f4xx.o(.rodata.APBPrescTable)
    luaP_opmodes                             0x0801e28c   Data          83  lopcodes.o(.rodata.luaP_opmodes)
    luaT_typenames_                          0x0801e344   Data          48  ltm.o(.rodata.luaT_typenames_)
    lua_test                                 0x0801e554   Data          78  lua_demo.o(.rodata.lua_test)
    luai_ctype_                              0x0801e5a2   Data         257  lctype.o(.rodata.luai_ctype_)
    Region$$Table$$Base                      0x0801f420   Number         0  anon$$obj.o(Region$$Table)
    Image$$ER_IROM1$$Limit                   0x0801f440   Number         0  anon$$obj.o ABSOLUTE
    Region$$Table$$Limit                     0x0801f440   Number         0  anon$$obj.o(Region$$Table)
    __stdin                                  0x20000004   Data           4  stdin.o(.data)
    __stdout                                 0x20000008   Data           4  stdout.o(.data)
    __stderr                                 0x2000000c   Data           4  stderr.o(.data)
    __microlib_freelist                      0x20000014   Data           4  mvars.o(.data)
    __microlib_freelist_initialised          0x20000018   Data           4  mvars.o(.data)
    SystemCoreClock                          0x2000001c   Data           4  system_stm32f4xx.o(.data.SystemCoreClock)
    uwTickFreq                               0x20000040   Data           1  stm32f4xx_hal.o(.data.uwTickFreq)
    uwTickPrio                               0x20000044   Data           4  stm32f4xx_hal.o(.data.uwTickPrio)
    hdma_usart1_rx                           0x20000190   Data          96  usart.o(.bss.hdma_usart1_rx)
    hdma_usart1_tx                           0x200001f0   Data          96  usart.o(.bss.hdma_usart1_tx)
    hdma_usart2_rx                           0x20000250   Data          96  usart.o(.bss.hdma_usart2_rx)
    hdma_usart2_tx                           0x200002b0   Data          96  usart.o(.bss.hdma_usart2_tx)
    htim11                                   0x20000310   Data          72  tim.o(.bss.htim11)
    huart1                                   0x20000358   Data          72  usart.o(.bss.huart1)
    huart2                                   0x200003a0   Data          72  usart.o(.bss.huart2)
    uwTick                                   0x2000047c   Data           4  stm32f4xx_hal.o(.bss.uwTick)
    __heap_base                              0x20000480   Data           0  startup_stm32f407xx.o(HEAP)
    STACK$$Base                              0x20002480   Number         0  startup_stm32f407xx.o(STACK)
    __heap_limit                             0x20002480   Data           0  startup_stm32f407xx.o(HEAP)
    STACK$$Limit                             0x20004480   Number         0  startup_stm32f407xx.o(STACK)
    __initial_sp                             0x20004480   Data           0  startup_stm32f407xx.o(STACK)



==============================================================================

Memory Map of the image

  Image Entry point : 0x08000189

  Load Region LR_IROM1 (Base: 0x08000000, Size: 0x0001f488, Max: 0x00080000, ABSOLUTE)

    Execution Region ER_IROM1 (Exec base: 0x08000000, Load base: 0x08000000, Size: 0x0001f440, Max: 0x00080000, ABSOLUTE)

    Exec Addr    Load Addr    Size         Type   Attr      Idx    E Section Name        Object

    0x08000000   0x08000000   0x00000188   Data   RO            3    RESET               startup_stm32f407xx.o
    0x08000188   0x08000188   0x00000000   Code   RO         2883  * .ARM.Collect$$$$00000000  mc_w.l(entry.o)
    0x08000188   0x08000188   0x00000004   Code   RO         3367    .ARM.Collect$$$$00000001  mc_w.l(entry2.o)
    0x0800018c   0x0800018c   0x00000004   Code   RO         3370    .ARM.Collect$$$$00000004  mc_w.l(entry5.o)
    0x08000190   0x08000190   0x00000000   Code   RO         3372    .ARM.Collect$$$$00000008  mc_w.l(entry7b.o)
    0x08000190   0x08000190   0x00000000   Code   RO         3374    .ARM.Collect$$$$0000000A  mc_w.l(entry8b.o)
    0x08000190   0x08000190   0x00000008   Code   RO         3375    .ARM.Collect$$$$0000000B  mc_w.l(entry9a.o)
    0x08000198   0x08000198   0x00000000   Code   RO         3377    .ARM.Collect$$$$0000000D  mc_w.l(entry10a.o)
    0x08000198   0x08000198   0x00000000   Code   RO         3379    .ARM.Collect$$$$0000000F  mc_w.l(entry11a.o)
    0x08000198   0x08000198   0x00000004   Code   RO         3368    .ARM.Collect$$$$00002712  mc_w.l(entry2.o)
    0x0800019c   0x0800019c   0x00000024   Code   RO            4    .text               startup_stm32f407xx.o
    0x080001c0   0x080001c0   0x0000000c   Code   RO         1210    .text               cmb_fault_keil.o
    0x080001cc   0x080001cc   0x00000038   Code   RO         2886    .text               mc_w.l(fgetc_u.o)
    0x08000204   0x08000204   0x00000062   Code   RO         2953    .text               mc_w.l(uldiv.o)
    0x08000266   0x08000266   0x00000002   PAD
    0x08000268   0x08000268   0x00000008   Code   RO         2955    .text               mc_w.l(ctype_o.o)
    0x08000270   0x08000270   0x00000012   Code   RO         2977    .text               mc_w.l(isspace_o.o)
    0x08000282   0x08000282   0x0000000c   Code   RO         2983    .text               mc_w.l(toupper.o)
    0x0800028e   0x0800028e   0x00000002   PAD
    0x08000290   0x08000290   0x00000008   Code   RO         2993    .text               mc_w.l(localeconv.o)
    0x08000298   0x08000298   0x00000024   Code   RO         3012    .text               mc_w.l(memcpya.o)
    0x080002bc   0x080002bc   0x00000024   Code   RO         3014    .text               mc_w.l(memseta.o)
    0x080002e0   0x080002e0   0x00000018   Code   RO         3018    .text               mc_w.l(strncpy.o)
    0x080002f8   0x080002f8   0x00000014   Code   RO         3020    .text               mc_w.l(strchr.o)
    0x0800030c   0x0800030c   0x0000000e   Code   RO         3022    .text               mc_w.l(strlen.o)
    0x0800031a   0x0800031a   0x0000001c   Code   RO         3024    .text               mc_w.l(strcmp.o)
    0x08000336   0x08000336   0x0000001a   Code   RO         3028    .text               mc_w.l(memcmp.o)
    0x08000350   0x08000350   0x00000004   Code   RO         3030    .text               mc_w.l(strcoll.o)
    0x08000354   0x08000354   0x00000012   Code   RO         3032    .text               mc_w.l(strcpy.o)
    0x08000366   0x08000366   0x0000001e   Code   RO         3034    .text               mc_w.l(strncmp.o)
    0x08000384   0x08000384   0x0000001c   Code   RO         3036    .text               mc_w.l(strspn.o)
    0x080003a0   0x080003a0   0x00000020   Code   RO         3038    .text               mc_w.l(strpbrk.o)
    0x080003c0   0x080003c0   0x000000e4   Code   RO         3040    .text               mc_w.l(strerror.o)
    0x080004a4   0x080004a4   0x00000026   Code   RO         3342    .text               mf_w.l(f2d.o)
    0x080004ca   0x080004ca   0x00000038   Code   RO         3344    .text               mf_w.l(d2f.o)
    0x08000502   0x08000502   0x0000003e   Code   RO         3346    .text               mf_w.l(setjmp.o)
    0x08000540   0x08000540   0x00000000   Code   RO         3388    .text               mc_w.l(semi.o)
    0x08000540   0x08000540   0x0000002c   Code   RO         3398    .text               mc_w.l(uidiv.o)
    0x0800056c   0x0800056c   0x0000001e   Code   RO         3400    .text               mc_w.l(llshl.o)
    0x0800058a   0x0800058a   0x00000020   Code   RO         3402    .text               mc_w.l(llushr.o)
    0x080005aa   0x080005aa   0x00000008   Code   RO         3414    .text               mc_w.l(strtof.o)
    0x080005b2   0x080005b2   0x00000000   Code   RO         3416    .text               mc_w.l(iusefp.o)
    0x080005b2   0x080005b2   0x00000000   Code   RO         3417    .text               mc_w.l(iusesemig.o)
    0x080005b2   0x080005b2   0x00000000   Code   RO         3418    .text               mc_w.l(iusesemip.o)
    0x080005b2   0x080005b2   0x0000006e   Code   RO         3421    .text               mf_w.l(fepilogue.o)
    0x08000620   0x08000620   0x00000018   Code   RO         3423    .text               mf_w.l(fscalb.o)
    0x08000638   0x08000638   0x00000052   Code   RO         3425    .text               mf_w.l(frem.o)
    0x0800068a   0x0800068a   0x0000014e   Code   RO         3427    .text               mf_w.l(dadd.o)
    0x080007d8   0x080007d8   0x000000e4   Code   RO         3429    .text               mf_w.l(dmul.o)
    0x080008bc   0x080008bc   0x000000de   Code   RO         3431    .text               mf_w.l(ddiv.o)
    0x0800099a   0x0800099a   0x00000030   Code   RO         3435    .text               mf_w.l(dfixul.o)
    0x080009ca   0x080009ca   0x00000002   PAD
    0x080009cc   0x080009cc   0x00000030   Code   RO         3437    .text               mf_w.l(cdrcmple.o)
    0x080009fc   0x080009fc   0x00000004   Code   RO         3439    .text               mf_w.l(fpstat.o)
    0x08000a00   0x08000a00   0x00000024   Code   RO         3441    .text               mc_w.l(init.o)
    0x08000a24   0x08000a24   0x00000024   Code   RO         3443    .text               mc_w.l(llsshr.o)
    0x08000a48   0x08000a48   0x000000a8   Code   RO         3445    .text               mc_w.l(strtod.o)
    0x08000af0   0x08000af0   0x000000ba   Code   RO         3447    .text               mf_w.l(depilogue.o)
    0x08000baa   0x08000baa   0x00000002   PAD
    0x08000bac   0x08000bac   0x00000360   Code   RO         3451    .text               mc_w.l(scanf_fp.o)
    0x08000f0c   0x08000f0c   0x00000040   Code   RO         3455    .text               mc_w.l(_sgetc.o)
    0x08000f4c   0x08000f4c   0x00000018   Code   RO         3460    .text               mf_w.l(dfltul.o)
    0x08000f64   0x08000f64   0x00000002   Code   RO          111    .text.BusFault_Handler  stm32f4xx_it.o
    0x08000f66   0x08000f66   0x00000002   PAD
    0x08000f68   0x08000f68   0x0000000c   Code   RO          123    .text.DMA1_Stream5_IRQHandler  stm32f4xx_it.o
    0x08000f74   0x08000f74   0x0000000c   Code   RO          125    .text.DMA1_Stream6_IRQHandler  stm32f4xx_it.o
    0x08000f80   0x08000f80   0x0000000c   Code   RO          133    .text.DMA2_Stream2_IRQHandler  stm32f4xx_it.o
    0x08000f8c   0x08000f8c   0x0000000c   Code   RO          135    .text.DMA2_Stream7_IRQHandler  stm32f4xx_it.o
    0x08000f98   0x08000f98   0x0000003c   Code   RO          689    .text.DMA_CalcBaseAndBitshift  stm32f4xx_hal_dma.o
    0x08000fd4   0x08000fd4   0x00000050   Code   RO          687    .text.DMA_CheckFifoParam  stm32f4xx_hal_dma.o
    0x08001024   0x08001024   0x00000002   Code   RO          117    .text.DebugMon_Handler  stm32f4xx_it.o
    0x08001026   0x08001026   0x00000002   PAD
    0x08001028   0x08001028   0x00000006   Code   RO           42    .text.Error_Handler  main.o
    0x0800102e   0x0800102e   0x00000002   PAD
    0x08001030   0x08001030   0x000000f0   Code   RO         1984    .text.GCTM          lgc.o
    0x08001120   0x08001120   0x00000080   Code   RO          699    .text.HAL_DMA_Abort  stm32f4xx_hal_dma.o
    0x080011a0   0x080011a0   0x00000024   Code   RO          701    .text.HAL_DMA_Abort_IT  stm32f4xx_hal_dma.o
    0x080011c4   0x080011c4   0x0000018c   Code   RO          705    .text.HAL_DMA_IRQHandler  stm32f4xx_hal_dma.o
    0x08001350   0x08001350   0x000000ce   Code   RO          685    .text.HAL_DMA_Init  stm32f4xx_hal_dma.o
    0x0800141e   0x0800141e   0x00000002   PAD
    0x08001420   0x08001420   0x00000028   Code   RO          879    .text.HAL_Delay     stm32f4xx_hal.o
    0x08001448   0x08001448   0x0000019a   Code   RO          645    .text.HAL_GPIO_Init  stm32f4xx_hal_gpio.o
    0x080015e2   0x080015e2   0x00000002   PAD
    0x080015e4   0x080015e4   0x0000000a   Code   RO          651    .text.HAL_GPIO_WritePin  stm32f4xx_hal_gpio.o
    0x080015ee   0x080015ee   0x00000002   PAD
    0x080015f0   0x080015f0   0x0000000c   Code   RO          871    .text.HAL_GetTick   stm32f4xx_hal.o
    0x080015fc   0x080015fc   0x0000001a   Code   RO          869    .text.HAL_IncTick   stm32f4xx_hal.o
    0x08001616   0x08001616   0x00000002   PAD
    0x08001618   0x08001618   0x00000036   Code   RO          859    .text.HAL_Init      stm32f4xx_hal.o
    0x0800164e   0x0800164e   0x00000002   PAD
    0x08001650   0x08001650   0x00000050   Code   RO          861    .text.HAL_InitTick  stm32f4xx_hal.o
    0x080016a0   0x080016a0   0x00000038   Code   RO          144    .text.HAL_MspInit   stm32f4xx_hal_msp.o
    0x080016d8   0x080016d8   0x00000008   Code   RO          797    .text.HAL_NVIC_EnableIRQ  stm32f4xx_hal_cortex.o
    0x080016e0   0x080016e0   0x0000001e   Code   RO          789    .text.HAL_NVIC_SetPriority  stm32f4xx_hal_cortex.o
    0x080016fe   0x080016fe   0x00000002   PAD
    0x08001700   0x08001700   0x00000008   Code   RO          785    .text.HAL_NVIC_SetPriorityGrouping  stm32f4xx_hal_cortex.o
    0x08001708   0x08001708   0x00000160   Code   RO          509    .text.HAL_RCC_ClockConfig  stm32f4xx_hal_rcc.o
    0x08001868   0x08001868   0x0000000c   Code   RO          519    .text.HAL_RCC_GetHCLKFreq  stm32f4xx_hal_rcc.o
    0x08001874   0x08001874   0x00000022   Code   RO          521    .text.HAL_RCC_GetPCLK1Freq  stm32f4xx_hal_rcc.o
    0x08001896   0x08001896   0x00000002   PAD
    0x08001898   0x08001898   0x00000022   Code   RO          523    .text.HAL_RCC_GetPCLK2Freq  stm32f4xx_hal_rcc.o
    0x080018ba   0x080018ba   0x00000002   PAD
    0x080018bc   0x080018bc   0x00000068   Code   RO          511    .text.HAL_RCC_GetSysClockFreq  stm32f4xx_hal_rcc.o
    0x08001924   0x08001924   0x00000348   Code   RO          507    .text.HAL_RCC_OscConfig  stm32f4xx_hal_rcc.o
    0x08001c6c   0x08001c6c   0x00000008   Code   RO          809    .text.HAL_SYSTICK_Config  stm32f4xx_hal_cortex.o
    0x08001c74   0x08001c74   0x00000002   Code   RO          491    .text.HAL_TIMEx_BreakCallback  stm32f4xx_hal_tim_ex.o
    0x08001c76   0x08001c76   0x00000002   PAD
    0x08001c78   0x08001c78   0x00000002   Code   RO          487    .text.HAL_TIMEx_CommutCallback  stm32f4xx_hal_tim_ex.o
    0x08001c7a   0x08001c7a   0x00000002   PAD
    0x08001c7c   0x08001c7c   0x0000005a   Code   RO          167    .text.HAL_TIM_Base_Init  stm32f4xx_hal_tim.o
    0x08001cd6   0x08001cd6   0x00000002   PAD
    0x08001cd8   0x08001cd8   0x0000004a   Code   RO           72    .text.HAL_TIM_Base_MspInit  tim.o
    0x08001d22   0x08001d22   0x00000002   PAD
    0x08001d24   0x08001d24   0x00000002   Code   RO          303    .text.HAL_TIM_IC_CaptureCallback  stm32f4xx_hal_tim.o
    0x08001d26   0x08001d26   0x00000002   PAD
    0x08001d28   0x08001d28   0x00000134   Code   RO          301    .text.HAL_TIM_IRQHandler  stm32f4xx_hal_tim.o
    0x08001e5c   0x08001e5c   0x00000002   Code   RO          305    .text.HAL_TIM_OC_DelayElapsedCallback  stm32f4xx_hal_tim.o
    0x08001e5e   0x08001e5e   0x00000002   PAD
    0x08001e60   0x08001e60   0x00000002   Code   RO          307    .text.HAL_TIM_PWM_PulseFinishedCallback  stm32f4xx_hal_tim.o
    0x08001e62   0x08001e62   0x00000002   PAD
    0x08001e64   0x08001e64   0x00000002   Code   RO           36    .text.HAL_TIM_PeriodElapsedCallback  main.o
    0x08001e66   0x08001e66   0x00000002   PAD
    0x08001e68   0x08001e68   0x00000002   Code   RO          311    .text.HAL_TIM_TriggerCallback  stm32f4xx_hal_tim.o
    0x08001e6a   0x08001e6a   0x00000002   PAD
    0x08001e6c   0x08001e6c   0x00000002   Code   RO         1042    .text.HAL_UARTEx_RxEventCallback  stm32f4xx_hal_uart.o
    0x08001e6e   0x08001e6e   0x00000002   PAD
    0x08001e70   0x08001e70   0x00000002   Code   RO         1040    .text.HAL_UART_ErrorCallback  stm32f4xx_hal_uart.o
    0x08001e72   0x08001e72   0x00000002   PAD
    0x08001e74   0x08001e74   0x00000242   Code   RO         1034    .text.HAL_UART_IRQHandler  stm32f4xx_hal_uart.o
    0x080020b6   0x080020b6   0x00000002   PAD
    0x080020b8   0x080020b8   0x00000060   Code   RO          950    .text.HAL_UART_Init  stm32f4xx_hal_uart.o
    0x08002118   0x08002118   0x000001f8   Code   RO           89    .text.HAL_UART_MspInit  usart.o
    0x08002310   0x08002310   0x00000002   Code   RO         1052    .text.HAL_UART_RxCpltCallback  stm32f4xx_hal_uart.o
    0x08002312   0x08002312   0x00000002   PAD
    0x08002314   0x08002314   0x00000002   Code   RO         1048    .text.HAL_UART_TxCpltCallback  stm32f4xx_hal_uart.o
    0x08002316   0x08002316   0x00000002   PAD
    0x08002318   0x08002318   0x00000052   Code   RO           17    .text.LUA_Test      lua_demo.o
    0x0800236a   0x0800236a   0x00000002   PAD
    0x0800236c   0x0800236c   0x0000007c   Code   RO           61    .text.MX_DMA_Init   dma.o
    0x080023e8   0x080023e8   0x000000cc   Code   RO           52    .text.MX_GPIO_Init  gpio.o
    0x080024b4   0x080024b4   0x00000036   Code   RO           70    .text.MX_TIM11_Init  tim.o
    0x080024ea   0x080024ea   0x00000002   PAD
    0x080024ec   0x080024ec   0x0000003c   Code   RO           85    .text.MX_USART1_UART_Init  usart.o
    0x08002528   0x08002528   0x0000003c   Code   RO           87    .text.MX_USART2_UART_Init  usart.o
    0x08002564   0x08002564   0x00000002   Code   RO          109    .text.MemManage_Handler  stm32f4xx_it.o
    0x08002566   0x08002566   0x00000002   PAD
    0x08002568   0x08002568   0x00000002   Code   RO          107    .text.NMI_Handler   stm32f4xx_it.o
    0x0800256a   0x0800256a   0x00000002   PAD
    0x0800256c   0x0800256c   0x0000002c   Code   RO          795    .text.NVIC_EncodePriority  stm32f4xx_hal_cortex.o
    0x08002598   0x08002598   0x00000002   Code   RO          119    .text.PendSV_Handler  stm32f4xx_it.o
    0x0800259a   0x0800259a   0x00000002   PAD
    0x0800259c   0x0800259c   0x00000002   Code   RO          115    .text.SVC_Handler   stm32f4xx_it.o
    0x0800259e   0x0800259e   0x00000002   PAD
    0x080025a0   0x080025a0   0x0000002e   Code   RO          811    .text.SysTick_Config  stm32f4xx_hal_cortex.o
    0x080025ce   0x080025ce   0x00000002   PAD
    0x080025d0   0x080025d0   0x00000004   Code   RO          121    .text.SysTick_Handler  stm32f4xx_it.o
    0x080025d4   0x080025d4   0x000000a6   Code   RO           40    .text.SystemClock_Config  main.o
    0x0800267a   0x0800267a   0x00000002   PAD
    0x0800267c   0x0800267c   0x00000012   Code   RO          152    .text.SystemInit    system_stm32f4xx.o
    0x0800268e   0x0800268e   0x00000002   PAD
    0x08002690   0x08002690   0x0000000c   Code   RO          127    .text.TIM1_TRG_COM_TIM11_IRQHandler  stm32f4xx_it.o
    0x0800269c   0x0800269c   0x00000134   Code   RO          171    .text.TIM_Base_SetConfig  stm32f4xx_hal_tim.o
    0x080027d0   0x080027d0   0x00000010   Code   RO         1038    .text.UART_DMAAbortOnError  stm32f4xx_hal_uart.o
    0x080027e0   0x080027e0   0x00000050   Code   RO          998    .text.UART_EndRxTransfer  stm32f4xx_hal_uart.o
    0x08002830   0x08002830   0x00000018   Code   RO         1046    .text.UART_EndTransmit_IT  stm32f4xx_hal_uart.o
    0x08002848   0x08002848   0x000000c8   Code   RO         1036    .text.UART_Receive_IT  stm32f4xx_hal_uart.o
    0x08002910   0x08002910   0x000000dc   Code   RO          954    .text.UART_SetConfig  stm32f4xx_hal_uart.o
    0x080029ec   0x080029ec   0x00000052   Code   RO         1044    .text.UART_Transmit_IT  stm32f4xx_hal_uart.o
    0x08002a3e   0x08002a3e   0x00000002   PAD
    0x08002a40   0x08002a40   0x0000000c   Code   RO          129    .text.USART1_IRQHandler  stm32f4xx_it.o
    0x08002a4c   0x08002a4c   0x0000000c   Code   RO          131    .text.USART2_IRQHandler  stm32f4xx_it.o
    0x08002a58   0x08002a58   0x00000002   Code   RO          113    .text.UsageFault_Handler  stm32f4xx_it.o
    0x08002a5a   0x08002a5a   0x00000002   PAD
    0x08002a5c   0x08002a5c   0x00000020   Code   RO          799    .text.__NVIC_EnableIRQ  stm32f4xx_hal_cortex.o
    0x08002a7c   0x08002a7c   0x00000010   Code   RO          791    .text.__NVIC_GetPriorityGrouping  stm32f4xx_hal_cortex.o
    0x08002a8c   0x08002a8c   0x00000022   Code   RO          793    .text.__NVIC_SetPriority  stm32f4xx_hal_cortex.o
    0x08002aae   0x08002aae   0x00000002   PAD
    0x08002ab0   0x08002ab0   0x00000020   Code   RO          787    .text.__NVIC_SetPriorityGrouping  stm32f4xx_hal_cortex.o
    0x08002ad0   0x08002ad0   0x00000150   Code   RO         1674    .text.addk          lcode.o
    0x08002c20   0x08002c20   0x00000058   Code   RO         2356    .text.adjust_assign  lparser.o
    0x08002c78   0x08002c78   0x0000016a   Code   RO         2340    .text.adjustlocalvars  lparser.o
    0x08002de2   0x08002de2   0x00000002   PAD
    0x08002de4   0x08002de4   0x00000370   Code   RO         1970    .text.atomic        lgc.o
    0x08003154   0x08003154   0x0000009a   Code   RO         1321    .text.auxsetstr     lapi.o
    0x080031ee   0x080031ee   0x00000002   PAD
    0x080031f0   0x080031f0   0x000003b8   Code   RO         2334    .text.body          lparser.o
    0x080035a8   0x080035a8   0x0000007c   Code   RO         2324    .text.check_match   lparser.o
    0x08003624   0x08003624   0x000000da   Code   RO         1974    .text.clearbyvalues  lgc.o
    0x080036fe   0x080036fe   0x00000002   PAD
    0x08003700   0x08003700   0x0000010c   Code   RO         2318    .text.close_func    lparser.o
    0x0800380c   0x0800380c   0x00000082   Code   RO         2396    .text.close_state   lstate.o
    0x0800388e   0x0800388e   0x00000002   PAD
    0x08003890   0x08003890   0x0000000c   Code   RO         1881    .text.closepaux     ldo.o
    0x0800389c   0x0800389c   0x000001a2   Code   RO         1180    .text.cm_backtrace_call_stack  cm_backtrace.o
    0x08003a3e   0x08003a3e   0x00000002   PAD
    0x08003a40   0x08003a40   0x000006a8   Code   RO         1188    .text.cm_backtrace_fault  cm_backtrace.o
    0x080040e8   0x080040e8   0x0000009c   Code   RO         1174    .text.cm_backtrace_init  cm_backtrace.o
    0x08004184   0x08004184   0x00000072   Code   RO         1662    .text.codebinexpval  lcode.o
    0x080041f6   0x080041f6   0x00000002   PAD
    0x080041f8   0x080041f8   0x00000254   Code   RO         1664    .text.codeorder     lcode.o
    0x0800444c   0x0800444c   0x00000110   Code   RO         1656    .text.constfolding  lcode.o
    0x0800455c   0x0800455c   0x00000176   Code   RO         2332    .text.constructor   lparser.o
    0x080046d2   0x080046d2   0x00000002   PAD
    0x080046d4   0x080046d4   0x000000a0   Code   RO         1982    .text.correctgraylist  lgc.o
    0x08004774   0x08004774   0x000001e6   Code   RO         2346    .text.createlabel   lparser.o
    0x0800495a   0x0800495a   0x00000002   PAD
    0x0800495c   0x0800495c   0x00000316   Code   RO         1676    .text.discharge2reg  lcode.o
    0x08004c72   0x08004c72   0x00000002   PAD
    0x08004c74   0x08004c74   0x0000000a   Code   RO         1565    .text.dofilecont    lbaselib.o
    0x08004c7e   0x08004c7e   0x00000002   PAD
    0x08004c80   0x08004c80   0x0000000a   Code   RO         1986    .text.dothecall     lgc.o
    0x08004c8a   0x08004c8a   0x00000002   PAD
    0x08004c8c   0x08004c8c   0x00000110   Code   RO         1184    .text.dump_stack    cm_backtrace.o
    0x08004d9c   0x08004d9c   0x00000034   Code   RO         2644    .text.error         lundump.o
    0x08004dd0   0x08004dd0   0x00000028   Code   RO         2352    .text.error_expected  lparser.o
    0x08004df8   0x08004df8   0x00000080   Code   RO         2320    .text.errorlimit    lparser.o
    0x08004e78   0x08004e78   0x0000044e   Code   RO         1628    .text.exp2reg       lcode.o
    0x080052c6   0x080052c6   0x00000002   PAD
    0x080052c8   0x080052c8   0x0000000a   Code   RO         1343    .text.f_call        lapi.o
    0x080052d2   0x080052d2   0x00000002   PAD
    0x080052d4   0x080052d4   0x00000156   Code   RO         2394    .text.f_luaopen     lstate.o
    0x0800542a   0x0800542a   0x00000002   PAD
    0x0800542c   0x0800542c   0x000000a8   Code   RO         1887    .text.f_parser      ldo.o
    0x080054d4   0x080054d4   0x000000b4   Code   RO         1498    .text.findfield     lauxlib.o
    0x08005588   0x08005588   0x0000017a   Code   RO         1678    .text.finishbinexpval  lcode.o
    0x08005702   0x08005702   0x00000002   PAD
    0x08005704   0x08005704   0x00000092   Code   RO         1980    .text.finishgencycle  lgc.o
    0x08005796   0x08005796   0x00000002   PAD
    0x08005798   0x08005798   0x0000002a   Code   RO         1573    .text.finishpcall   lbaselib.o
    0x080057c2   0x080057c2   0x00000002   PAD
    0x080057c4   0x080057c4   0x00000194   Code   RO         2354    .text.forbody       lparser.o
    0x08005958   0x08005958   0x00000070   Code   RO         1680    .text.freeexps      lcode.o
    0x080059c8   0x080059c8   0x00000016   Code   RO         2530    .text.freehash      ltable.o
    0x080059de   0x080059de   0x00000002   PAD
    0x080059e0   0x080059e0   0x000000c2   Code   RO         1968    .text.freeobj       lgc.o
    0x08005aa2   0x08005aa2   0x00000002   PAD
    0x08005aa4   0x08005aa4   0x000002a8   Code   RO         1966    .text.fullgen       lgc.o
    0x08005d4c   0x08005d4c   0x00000128   Code   RO         2342    .text.funcargs      lparser.o
    0x08005e74   0x08005e74   0x00000118   Code   RO         1808    .text.funcnamefromcall  ldebug.o
    0x08005f8c   0x08005f8c   0x000000c8   Code   RO         1569    .text.generic_reader  lbaselib.o
    0x08006054   0x08006054   0x0000003e   Code   RO         1464    .text.getF          lauxlib.o
    0x08006092   0x08006092   0x00000002   PAD
    0x08006094   0x08006094   0x00000012   Code   RO         1468    .text.getS          lauxlib.o
    0x080060a6   0x080060a6   0x00000002   PAD
    0x080060a8   0x080060a8   0x0000009c   Code   RO         2550    .text.getgeneric    ltable.o
    0x08006144   0x08006144   0x00000464   Code   RO         1828    .text.getobjname    ldebug.o
    0x080065a8   0x080065a8   0x00000080   Code   RO         2098    .text.inclinenumber  llex.o
    0x08006628   0x08006628   0x0000007c   Code   RO         2238    .text.intarith      lobject.o
    0x080066a4   0x080066a4   0x0000002a   Code   RO         1567    .text.ipairsaux     lbaselib.o
    0x080066ce   0x080066ce   0x00000002   PAD
    0x080066d0   0x080066d0   0x000001da   Code   RO         1646    .text.jumponcond    lcode.o
    0x080068aa   0x080068aa   0x00000002   PAD
    0x080068ac   0x080068ac   0x00000070   Code   RO         2350    .text.jumpscopeerror  lparser.o
    0x0800691c   0x0800691c   0x00000014   Code   RO         1490    .text.l_alloc       lauxlib.o
    0x08006930   0x08006930   0x000003e4   Code   RO         2328    .text.leaveblock    lparser.o
    0x08006d14   0x08006d14   0x000000ec   Code   RO         2086    .text.lexerror      llex.o
    0x08006e00   0x08006e00   0x0000121c   Code   RO         2094    .text.llex          llex.o
    0x0800801c   0x0800801c   0x00000844   Code   RO         2642    .text.loadFunction  lundump.o
    0x08008860   0x08008860   0x000000d4   Code   RO         2646    .text.loadStringN   lundump.o
    0x08008934   0x08008934   0x00000064   Code   RO         1519    .text.luaB_assert   lbaselib.o
    0x08008998   0x08008998   0x000001c0   Code   RO         1521    .text.luaB_collectgarbage  lbaselib.o
    0x08008b58   0x08008b58   0x00000056   Code   RO         1523    .text.luaB_dofile   lbaselib.o
    0x08008bae   0x08008bae   0x00000002   PAD
    0x08008bb0   0x08008bb0   0x00000048   Code   RO         1525    .text.luaB_error    lbaselib.o
    0x08008bf8   0x08008bf8   0x00000032   Code   RO         1527    .text.luaB_getmetatable  lbaselib.o
    0x08008c2a   0x08008c2a   0x00000002   PAD
    0x08008c2c   0x08008c2c   0x0000002e   Code   RO         1529    .text.luaB_ipairs   lbaselib.o
    0x08008c5a   0x08008c5a   0x00000002   PAD
    0x08008c5c   0x08008c5c   0x000000d8   Code   RO         1533    .text.luaB_load     lbaselib.o
    0x08008d34   0x08008d34   0x00000090   Code   RO         1531    .text.luaB_loadfile  lbaselib.o
    0x08008dc4   0x08008dc4   0x00000030   Code   RO         1535    .text.luaB_next     lbaselib.o
    0x08008df4   0x08008df4   0x00000068   Code   RO         1537    .text.luaB_pairs    lbaselib.o
    0x08008e5c   0x08008e5c   0x0000006a   Code   RO         1539    .text.luaB_pcall    lbaselib.o
    0x08008ec6   0x08008ec6   0x00000002   PAD
    0x08008ec8   0x08008ec8   0x0000009e   Code   RO         1541    .text.luaB_print    lbaselib.o
    0x08008f66   0x08008f66   0x00000002   PAD
    0x08008f68   0x08008f68   0x00000028   Code   RO         1545    .text.luaB_rawequal  lbaselib.o
    0x08008f90   0x08008f90   0x00000028   Code   RO         1549    .text.luaB_rawget   lbaselib.o
    0x08008fb8   0x08008fb8   0x00000044   Code   RO         1547    .text.luaB_rawlen   lbaselib.o
    0x08008ffc   0x08008ffc   0x00000030   Code   RO         1551    .text.luaB_rawset   lbaselib.o
    0x0800902c   0x0800902c   0x00000074   Code   RO         1553    .text.luaB_select   lbaselib.o
    0x080090a0   0x080090a0   0x0000008c   Code   RO         1555    .text.luaB_setmetatable  lbaselib.o
    0x0800912c   0x0800912c   0x00000148   Code   RO         1557    .text.luaB_tonumber  lbaselib.o
    0x08009274   0x08009274   0x00000018   Code   RO         1559    .text.luaB_tostring  lbaselib.o
    0x0800928c   0x0800928c   0x00000040   Code   RO         1561    .text.luaB_type     lbaselib.o
    0x080092cc   0x080092cc   0x0000006a   Code   RO         1543    .text.luaB_warn     lbaselib.o
    0x08009336   0x08009336   0x00000002   PAD
    0x08009338   0x08009338   0x00000074   Code   RO         1563    .text.luaB_xpcall   lbaselib.o
    0x080093ac   0x080093ac   0x00000048   Code   RO         1942    .text.luaC_barrier_  lgc.o
    0x080093f4   0x080093f4   0x0000007e   Code   RO         1946    .text.luaC_barrierback_  lgc.o
    0x08009472   0x08009472   0x00000002   PAD
    0x08009474   0x08009474   0x000002a6   Code   RO         1954    .text.luaC_changemode  lgc.o
    0x0800971a   0x0800971a   0x00000002   PAD
    0x0800971c   0x0800971c   0x000000fe   Code   RO         1952    .text.luaC_checkfinalizer  lgc.o
    0x0800981a   0x0800981a   0x00000002   PAD
    0x0800981c   0x0800981c   0x00000018   Code   RO         1948    .text.luaC_fix      lgc.o
    0x08009834   0x08009834   0x00000182   Code   RO         1956    .text.luaC_freeallobjects  lgc.o
    0x080099b6   0x080099b6   0x00000002   PAD
    0x080099b8   0x080099b8   0x000000fe   Code   RO         1964    .text.luaC_fullgc   lgc.o
    0x08009ab6   0x08009ab6   0x00000002   PAD
    0x08009ab8   0x08009ab8   0x00000026   Code   RO         1950    .text.luaC_newobj   lgc.o
    0x08009ade   0x08009ade   0x00000002   PAD
    0x08009ae0   0x08009ae0   0x0000077c   Code   RO         1962    .text.luaC_step     lgc.o
    0x0800a25c   0x0800a25c   0x00000040   Code   RO         1867    .text.luaD_call     ldo.o
    0x0800a29c   0x0800a29c   0x00000044   Code   RO         1869    .text.luaD_callnoyield  ldo.o
    0x0800a2e0   0x0800a2e0   0x00000058   Code   RO         1879    .text.luaD_closeprotected  ldo.o
    0x0800a338   0x0800a338   0x00000084   Code   RO         1847    .text.luaD_growstack  ldo.o
    0x0800a3bc   0x0800a3bc   0x00000104   Code   RO         1853    .text.luaD_hook     ldo.o
    0x0800a4c0   0x0800a4c0   0x00000040   Code   RO         1855    .text.luaD_hookcall  ldo.o
    0x0800a500   0x0800a500   0x00000088   Code   RO         1851    .text.luaD_inctop   ldo.o
    0x0800a588   0x0800a588   0x00000158   Code   RO         1883    .text.luaD_pcall    ldo.o
    0x0800a6e0   0x0800a6e0   0x00000216   Code   RO         1859    .text.luaD_poscall  ldo.o
    0x0800a8f6   0x0800a8f6   0x00000002   PAD
    0x0800a8f8   0x0800a8f8   0x0000030a   Code   RO         1865    .text.luaD_precall  ldo.o
    0x0800ac02   0x0800ac02   0x00000002   PAD
    0x0800ac04   0x0800ac04   0x0000044e   Code   RO         1863    .text.luaD_pretailcall  ldo.o
    0x0800b052   0x0800b052   0x00000002   PAD
    0x0800b054   0x0800b054   0x00000086   Code   RO         1885    .text.luaD_protectedparser  ldo.o
    0x0800b0da   0x0800b0da   0x00000002   PAD
    0x0800b0dc   0x0800b0dc   0x00000032   Code   RO         1843    .text.luaD_rawrunprotected  ldo.o
    0x0800b10e   0x0800b10e   0x00000002   PAD
    0x0800b110   0x0800b110   0x00000128   Code   RO         1845    .text.luaD_reallocstack  ldo.o
    0x0800b238   0x0800b238   0x00000054   Code   RO         1839    .text.luaD_seterrorobj  ldo.o
    0x0800b28c   0x0800b28c   0x000000a4   Code   RO         1849    .text.luaD_shrinkstack  ldo.o
    0x0800b330   0x0800b330   0x00000050   Code   RO         1841    .text.luaD_throw    ldo.o
    0x0800b380   0x0800b380   0x0000011a   Code   RO         1857    .text.luaD_tryfuncTM  ldo.o
    0x0800b49a   0x0800b49a   0x00000002   PAD
    0x0800b49c   0x0800b49c   0x00000022   Code   RO         2380    .text.luaE_checkcstack  lstate.o
    0x0800b4be   0x0800b4be   0x00000002   PAD
    0x0800b4c0   0x0800b4c0   0x00000020   Code   RO         2374    .text.luaE_extendCI  lstate.o
    0x0800b4e0   0x0800b4e0   0x0000005a   Code   RO         2386    .text.luaE_freethread  lstate.o
    0x0800b53a   0x0800b53a   0x00000002   PAD
    0x0800b53c   0x0800b53c   0x00000032   Code   RO         2382    .text.luaE_incCstack  lstate.o
    0x0800b56e   0x0800b56e   0x00000002   PAD
    0x0800b570   0x0800b570   0x0000005a   Code   RO         2388    .text.luaE_resetthread  lstate.o
    0x0800b5ca   0x0800b5ca   0x00000002   PAD
    0x0800b5cc   0x0800b5cc   0x0000001a   Code   RO         2370    .text.luaE_setdebt  lstate.o
    0x0800b5e6   0x0800b5e6   0x00000002   PAD
    0x0800b5e8   0x0800b5e8   0x00000034   Code   RO         2378    .text.luaE_shrinkCI  lstate.o
    0x0800b61c   0x0800b61c   0x000000b8   Code   RO         2402    .text.luaE_warnerror  lstate.o
    0x0800b6d4   0x0800b6d4   0x00000012   Code   RO         2400    .text.luaE_warning  lstate.o
    0x0800b6e6   0x0800b6e6   0x00000002   PAD
    0x0800b6e8   0x0800b6e8   0x0000013e   Code   RO         1926    .text.luaF_close    lfunc.o
    0x0800b826   0x0800b826   0x00000002   PAD
    0x0800b828   0x0800b828   0x00000060   Code   RO         1924    .text.luaF_closeupval  lfunc.o
    0x0800b888   0x0800b888   0x00000060   Code   RO         1918    .text.luaF_findupval  lfunc.o
    0x0800b8e8   0x0800b8e8   0x0000006a   Code   RO         1930    .text.luaF_freeproto  lfunc.o
    0x0800b952   0x0800b952   0x00000002   PAD
    0x0800b954   0x0800b954   0x00000040   Code   RO         1932    .text.luaF_getlocalname  lfunc.o
    0x0800b994   0x0800b994   0x0000005c   Code   RO         1916    .text.luaF_initupvals  lfunc.o
    0x0800b9f0   0x0800b9f0   0x00000014   Code   RO         1912    .text.luaF_newCclosure  lfunc.o
    0x0800ba04   0x0800ba04   0x00000028   Code   RO         1914    .text.luaF_newLclosure  lfunc.o
    0x0800ba2c   0x0800ba2c   0x00000034   Code   RO         1928    .text.luaF_newproto  lfunc.o
    0x0800ba60   0x0800ba60   0x000000d8   Code   RO         1920    .text.luaF_newtbcupval  lfunc.o
    0x0800bb38   0x0800bb38   0x00000012   Code   RO         1922    .text.luaF_unlinkupval  lfunc.o
    0x0800bb4a   0x0800bb4a   0x00000002   PAD
    0x0800bb4c   0x0800bb4c   0x00000040   Code   RO         1822    .text.luaG_addinfo  ldebug.o
    0x0800bb8c   0x0800bb8c   0x00000048   Code   RO         1806    .text.luaG_callerror  ldebug.o
    0x0800bbd4   0x0800bbd4   0x00000020   Code   RO         1814    .text.luaG_concaterror  ldebug.o
    0x0800bbf4   0x0800bbf4   0x00000044   Code   RO         1824    .text.luaG_errormsg  ldebug.o
    0x0800bc38   0x0800bc38   0x000000b0   Code   RO         1792    .text.luaG_findlocal  ldebug.o
    0x0800bce8   0x0800bce8   0x0000003c   Code   RO         1810    .text.luaG_forerror  ldebug.o
    0x0800bd24   0x0800bd24   0x00000014   Code   RO         1816    .text.luaG_opinterror  ldebug.o
    0x0800bd38   0x0800bd38   0x00000078   Code   RO         1820    .text.luaG_ordererror  ldebug.o
    0x0800bdb0   0x0800bdb0   0x00000186   Code   RO         1812    .text.luaG_runerror  ldebug.o
    0x0800bf36   0x0800bf36   0x00000002   PAD
    0x0800bf38   0x0800bf38   0x00000054   Code   RO         1818    .text.luaG_tointerror  ldebug.o
    0x0800bf8c   0x0800bf8c   0x000004d8   Code   RO         1826    .text.luaG_traceexec  ldebug.o
    0x0800c464   0x0800c464   0x00000016   Code   RO         1800    .text.luaG_typeerror  ldebug.o
    0x0800c47a   0x0800c47a   0x00000002   PAD
    0x0800c47c   0x0800c47c   0x00000028   Code   RO         2554    .text.luaH_finishset  ltable.o
    0x0800c4a4   0x0800c4a4   0x0000007e   Code   RO         2536    .text.luaH_free     ltable.o
    0x0800c522   0x0800c522   0x00000002   PAD
    0x0800c524   0x0800c524   0x000000e4   Code   RO         2552    .text.luaH_get      ltable.o
    0x0800c608   0x0800c608   0x000000da   Code   RO         2544    .text.luaH_getint   ltable.o
    0x0800c6e2   0x0800c6e2   0x00000002   PAD
    0x0800c6e4   0x0800c6e4   0x000002a4   Code   RO         2556    .text.luaH_getn     ltable.o
    0x0800c988   0x0800c988   0x00000080   Code   RO         2546    .text.luaH_getshortstr  ltable.o
    0x0800ca08   0x0800ca08   0x0000009a   Code   RO         2548    .text.luaH_getstr   ltable.o
    0x0800caa2   0x0800caa2   0x00000002   PAD
    0x0800caa4   0x0800caa4   0x00000024   Code   RO         2534    .text.luaH_new      ltable.o
    0x0800cac8   0x0800cac8   0x00000534   Code   RO         2538    .text.luaH_newkey   ltable.o
    0x0800cffc   0x0800cffc   0x000001d4   Code   RO         2524    .text.luaH_next     ltable.o
    0x0800d1d0   0x0800d1d0   0x00000052   Code   RO         2522    .text.luaH_realasize  ltable.o
    0x0800d222   0x0800d222   0x00000002   PAD
    0x0800d224   0x0800d224   0x00000304   Code   RO         2526    .text.luaH_resize   ltable.o
    0x0800d528   0x0800d528   0x00000016   Code   RO         2532    .text.luaH_resizearray  ltable.o
    0x0800d53e   0x0800d53e   0x00000002   PAD
    0x0800d540   0x0800d540   0x00000038   Code   RO         2542    .text.luaH_set      ltable.o
    0x0800d578   0x0800d578   0x0000003e   Code   RO         2528    .text.luaH_setint   ltable.o
    0x0800d5b6   0x0800d5b6   0x00000002   PAD
    0x0800d5b8   0x0800d5b8   0x0000002e   Code   RO         1614    .text.luaK_checkstack  lcode.o
    0x0800d5e6   0x0800d5e6   0x00000002   PAD
    0x0800d5e8   0x0800d5e8   0x00000050   Code   RO         1606    .text.luaK_code     lcode.o
    0x0800d638   0x0800d638   0x00000062   Code   RO         1592    .text.luaK_codeABCk  lcode.o
    0x0800d69a   0x0800d69a   0x00000002   PAD
    0x0800d69c   0x0800d69c   0x00000056   Code   RO         1610    .text.luaK_codeABx  lcode.o
    0x0800d6f2   0x0800d6f2   0x00000002   PAD
    0x0800d6f4   0x0800d6f4   0x000000aa   Code   RO         1594    .text.luaK_concat   lcode.o
    0x0800d79e   0x0800d79e   0x00000002   PAD
    0x0800d7a0   0x0800d7a0   0x000001bc   Code   RO         1624    .text.luaK_dischargevars  lcode.o
    0x0800d95c   0x0800d95c   0x000000d8   Code   RO         1638    .text.luaK_exp2K    lcode.o
    0x0800da34   0x0800da34   0x00000052   Code   RO         1636    .text.luaK_exp2RK   lcode.o
    0x0800da86   0x0800da86   0x00000002   PAD
    0x0800da88   0x0800da88   0x00000044   Code   RO         1630    .text.luaK_exp2anyreg  lcode.o
    0x0800dacc   0x0800dacc   0x00000054   Code   RO         1632    .text.luaK_exp2anyregup  lcode.o
    0x0800db20   0x0800db20   0x00000080   Code   RO         1588    .text.luaK_exp2const  lcode.o
    0x0800dba0   0x0800dba0   0x00000060   Code   RO         1626    .text.luaK_exp2nextreg  lcode.o
    0x0800dc00   0x0800dc00   0x00000058   Code   RO         1634    .text.luaK_exp2val  lcode.o
    0x0800dc58   0x0800dc58   0x00000112   Code   RO         1672    .text.luaK_finish   lcode.o
    0x0800dd6a   0x0800dd6a   0x00000002   PAD
    0x0800dd6c   0x0800dd6c   0x00000044   Code   RO         1666    .text.luaK_fixline  lcode.o
    0x0800ddb0   0x0800ddb0   0x00000008   Code   RO         1600    .text.luaK_getlabel  lcode.o
    0x0800ddb8   0x0800ddb8   0x000000fe   Code   RO         1648    .text.luaK_goiffalse  lcode.o
    0x0800deb6   0x0800deb6   0x00000002   PAD
    0x0800deb8   0x0800deb8   0x00000120   Code   RO         1644    .text.luaK_goiftrue  lcode.o
    0x0800dfd8   0x0800dfd8   0x00000142   Code   RO         1652    .text.luaK_indexed  lcode.o
    0x0800e11a   0x0800e11a   0x00000002   PAD
    0x0800e11c   0x0800e11c   0x00000124   Code   RO         1658    .text.luaK_infix    lcode.o
    0x0800e240   0x0800e240   0x0000015a   Code   RO         1618    .text.luaK_int      lcode.o
    0x0800e39a   0x0800e39a   0x00000002   PAD
    0x0800e39c   0x0800e39c   0x00000056   Code   RO         1596    .text.luaK_jump     lcode.o
    0x0800e3f2   0x0800e3f2   0x00000002   PAD
    0x0800e3f4   0x0800e3f4   0x000000ce   Code   RO         1590    .text.luaK_nil      lcode.o
    0x0800e4c2   0x0800e4c2   0x00000002   PAD
    0x0800e4c4   0x0800e4c4   0x000000c6   Code   RO         1602    .text.luaK_patchlist  lcode.o
    0x0800e58a   0x0800e58a   0x00000002   PAD
    0x0800e58c   0x0800e58c   0x00000008   Code   RO         1604    .text.luaK_patchtohere  lcode.o
    0x0800e594   0x0800e594   0x000007a4   Code   RO         1660    .text.luaK_posfix   lcode.o
    0x0800ed38   0x0800ed38   0x0000031a   Code   RO         1654    .text.luaK_prefix   lcode.o
    0x0800f052   0x0800f052   0x00000002   PAD
    0x0800f054   0x0800f054   0x00000030   Code   RO         1616    .text.luaK_reserveregs  lcode.o
    0x0800f084   0x0800f084   0x0000006a   Code   RO         1598    .text.luaK_ret      lcode.o
    0x0800f0ee   0x0800f0ee   0x00000002   PAD
    0x0800f0f0   0x0800f0f0   0x00000112   Code   RO         1642    .text.luaK_self     lcode.o
    0x0800f202   0x0800f202   0x00000002   PAD
    0x0800f204   0x0800f204   0x00000008   Code   RO         1586    .text.luaK_semerror  lcode.o
    0x0800f20c   0x0800f20c   0x000000ee   Code   RO         1670    .text.luaK_setlist  lcode.o
    0x0800f2fa   0x0800f2fa   0x00000002   PAD
    0x0800f2fc   0x0800f2fc   0x00000036   Code   RO         1622    .text.luaK_setoneret  lcode.o
    0x0800f332   0x0800f332   0x00000002   PAD
    0x0800f334   0x0800f334   0x0000006e   Code   RO         1620    .text.luaK_setreturns  lcode.o
    0x0800f3a2   0x0800f3a2   0x00000002   PAD
    0x0800f3a4   0x0800f3a4   0x00000048   Code   RO         1668    .text.luaK_settablesize  lcode.o
    0x0800f3ec   0x0800f3ec   0x00000186   Code   RO         1640    .text.luaK_storevar  lcode.o
    0x0800f572   0x0800f572   0x00000002   PAD
    0x0800f574   0x0800f574   0x000000e0   Code   RO         1404    .text.luaL_argerror  lauxlib.o
    0x0800f654   0x0800f654   0x00000076   Code   RO         1472    .text.luaL_callmeta  lauxlib.o
    0x0800f6ca   0x0800f6ca   0x00000002   PAD
    0x0800f6cc   0x0800f6cc   0x00000030   Code   RO         1438    .text.luaL_checkany  lauxlib.o
    0x0800f6fc   0x0800f6fc   0x0000004a   Code   RO         1444    .text.luaL_checkinteger  lauxlib.o
    0x0800f746   0x0800f746   0x00000002   PAD
    0x0800f748   0x0800f748   0x00000028   Code   RO         1432    .text.luaL_checklstring  lauxlib.o
    0x0800f770   0x0800f770   0x0000008c   Code   RO         1428    .text.luaL_checkoption  lauxlib.o
    0x0800f7fc   0x0800f7fc   0x00000044   Code   RO         1434    .text.luaL_checkstack  lauxlib.o
    0x0800f840   0x0800f840   0x00000028   Code   RO         1436    .text.luaL_checktype  lauxlib.o
    0x0800f868   0x0800f868   0x0000007a   Code   RO         1406    .text.luaL_error    lauxlib.o
    0x0800f8e2   0x0800f8e2   0x00000002   PAD
    0x0800f8e4   0x0800f8e4   0x0000004c   Code   RO         1412    .text.luaL_getmetafield  lauxlib.o
    0x0800f930   0x0800f930   0x00000022   Code   RO         1466    .text.luaL_loadbufferx  lauxlib.o
    0x0800f952   0x0800f952   0x00000002   PAD
    0x0800f954   0x0800f954   0x000001e0   Code   RO         1460    .text.luaL_loadfilex  lauxlib.o
    0x0800fb34   0x0800fb34   0x00000030   Code   RO         1470    .text.luaL_loadstring  lauxlib.o
    0x0800fb64   0x0800fb64   0x00000036   Code   RO         1488    .text.luaL_newstate  lauxlib.o
    0x0800fb9a   0x0800fb9a   0x00000002   PAD
    0x0800fb9c   0x0800fb9c   0x00000058   Code   RO         1446    .text.luaL_optinteger  lauxlib.o
    0x0800fbf4   0x0800fbf4   0x00000054   Code   RO         1430    .text.luaL_optlstring  lauxlib.o
    0x0800fc48   0x0800fc48   0x000000a0   Code   RO         1478    .text.luaL_setfuncs  lauxlib.o
    0x0800fce8   0x0800fce8   0x000001cc   Code   RO         1476    .text.luaL_tolstring  lauxlib.o
    0x0800feb4   0x0800feb4   0x000000c4   Code   RO         1410    .text.luaL_typeerror  lauxlib.o
    0x0800ff78   0x0800ff78   0x0000004e   Code   RO         1414    .text.luaL_where    lauxlib.o
    0x0800ffc6   0x0800ffc6   0x00000002   PAD
    0x0800ffc8   0x0800ffc8   0x00000016   Code   RO         2183    .text.luaM_free_    lmem.o
    0x0800ffde   0x0800ffde   0x00000002   PAD
    0x0800ffe0   0x0800ffe0   0x000000d4   Code   RO         2175    .text.luaM_growaux_  lmem.o
    0x080100b4   0x080100b4   0x00000062   Code   RO         2187    .text.luaM_malloc_  lmem.o
    0x08010116   0x08010116   0x00000002   PAD
    0x08010118   0x08010118   0x00000054   Code   RO         2185    .text.luaM_realloc_  lmem.o
    0x0801016c   0x0801016c   0x0000006c   Code   RO         2177    .text.luaM_saferealloc_  lmem.o
    0x080101d8   0x080101d8   0x00000080   Code   RO         2179    .text.luaM_shrinkvector_  lmem.o
    0x08010258   0x08010258   0x00000030   Code   RO         2181    .text.luaM_toobig   lmem.o
    0x08010288   0x08010288   0x00000036   Code   RO         2234    .text.luaO_ceillog2  lobject.o
    0x080102be   0x080102be   0x00000002   PAD
    0x080102c0   0x080102c0   0x000000be   Code   RO         2256    .text.luaO_chunkid  lobject.o
    0x0801037e   0x0801037e   0x00000002   PAD
    0x08010380   0x08010380   0x00000020   Code   RO         2242    .text.luaO_hexavalue  lobject.o
    0x080103a0   0x080103a0   0x0000001c   Code   RO         2254    .text.luaO_pushfstring  lobject.o
    0x080103bc   0x080103bc   0x000006f0   Code   RO         2252    .text.luaO_pushvfstring  lobject.o
    0x08010aac   0x08010aac   0x000001c8   Code   RO         2236    .text.luaO_rawarith  lobject.o
    0x08010c74   0x08010c74   0x000002d8   Code   RO         2244    .text.luaO_str2num  lobject.o
    0x08010f4c   0x08010f4c   0x0000002a   Code   RO         2248    .text.luaO_tostring  lobject.o
    0x08010f76   0x08010f76   0x00000002   PAD
    0x08010f78   0x08010f78   0x000000a0   Code   RO         2246    .text.luaO_utf8esc  lobject.o
    0x08011018   0x08011018   0x000000b2   Code   RO         2421    .text.luaS_clearcache  lstring.o
    0x080110ca   0x080110ca   0x00000002   PAD
    0x080110cc   0x080110cc   0x00000020   Code   RO         2427    .text.luaS_createlngstrobj  lstring.o
    0x080110ec   0x080110ec   0x00000026   Code   RO         2413    .text.luaS_eqlngstr  lstring.o
    0x08011112   0x08011112   0x00000002   PAD
    0x08011114   0x08011114   0x000000a6   Code   RO         2415    .text.luaS_hash     lstring.o
    0x080111ba   0x080111ba   0x00000002   PAD
    0x080111bc   0x080111bc   0x000000c0   Code   RO         2417    .text.luaS_hashlongstr  lstring.o
    0x0801127c   0x0801127c   0x00000074   Code   RO         2423    .text.luaS_init     lstring.o
    0x080112f0   0x080112f0   0x00000078   Code   RO         2431    .text.luaS_new      lstring.o
    0x08011368   0x08011368   0x000001c8   Code   RO         2425    .text.luaS_newlstr  lstring.o
    0x08011530   0x08011530   0x0000005a   Code   RO         2429    .text.luaS_remove   lstring.o
    0x0801158a   0x0801158a   0x00000002   PAD
    0x0801158c   0x0801158c   0x00000464   Code   RO         2419    .text.luaS_resize   lstring.o
    0x080119f0   0x080119f0   0x00000180   Code   RO         2624    .text.luaT_adjustvarargs  ltm.o
    0x08011b70   0x08011b70   0x00000056   Code   RO         2608    .text.luaT_callTM   ltm.o
    0x08011bc6   0x08011bc6   0x00000002   PAD
    0x08011bc8   0x08011bc8   0x00000068   Code   RO         2610    .text.luaT_callTMres  ltm.o
    0x08011c30   0x08011c30   0x0000010e   Code   RO         2620    .text.luaT_callorderTM  ltm.o
    0x08011d3e   0x08011d3e   0x00000002   PAD
    0x08011d40   0x08011d40   0x00000040   Code   RO         2622    .text.luaT_callorderiTM  ltm.o
    0x08011d80   0x08011d80   0x00000022   Code   RO         2602    .text.luaT_gettm    ltm.o
    0x08011da2   0x08011da2   0x00000002   PAD
    0x08011da4   0x08011da4   0x0000003c   Code   RO         2604    .text.luaT_gettmbyobj  ltm.o
    0x08011de0   0x08011de0   0x000001ca   Code   RO         2626    .text.luaT_getvarargs  ltm.o
    0x08011faa   0x08011faa   0x00000002   PAD
    0x08011fac   0x08011fac   0x00000034   Code   RO         2600    .text.luaT_init     ltm.o
    0x08011fe0   0x08011fe0   0x00000060   Code   RO         2606    .text.luaT_objtypename  ltm.o
    0x08012040   0x08012040   0x00000168   Code   RO         2612    .text.luaT_trybinTM  ltm.o
    0x080121a8   0x080121a8   0x00000022   Code   RO         2616    .text.luaT_trybinassocTM  ltm.o
    0x080121ca   0x080121ca   0x00000002   PAD
    0x080121cc   0x080121cc   0x0000002e   Code   RO         2618    .text.luaT_trybiniTM  ltm.o
    0x080121fa   0x080121fa   0x00000002   PAD
    0x080121fc   0x080121fc   0x000000fc   Code   RO         2614    .text.luaT_tryconcatTM  ltm.o
    0x080122f8   0x080122f8   0x000002d8   Code   RO         2640    .text.luaU_undump   lundump.o
    0x080125d0   0x080125d0   0x000001c8   Code   RO         2704    .text.luaV_concat   lvm.o
    0x08012798   0x08012798   0x00000274   Code   RO         2702    .text.luaV_equalobj  lvm.o
    0x08012a0c   0x08012a0c   0x00003ab8   Code   RO         2718    .text.luaV_execute  lvm.o
    0x080164c4   0x080164c4   0x000000dc   Code   RO         2694    .text.luaV_finishget  lvm.o
    0x080165a0   0x080165a0   0x0000014c   Code   RO         2696    .text.luaV_finishset  lvm.o
    0x080166ec   0x080166ec   0x00000074   Code   RO         2688    .text.luaV_flttointeger  lvm.o
    0x08016760   0x08016760   0x00000038   Code   RO         2708    .text.luaV_idiv     lvm.o
    0x08016798   0x08016798   0x0000002e   Code   RO         2710    .text.luaV_mod      lvm.o
    0x080167c6   0x080167c6   0x00000002   PAD
    0x080167c8   0x080167c8   0x0000003c   Code   RO         2712    .text.luaV_modf     lvm.o
    0x08016804   0x08016804   0x00000090   Code   RO         2706    .text.luaV_objlen   lvm.o
    0x08016894   0x08016894   0x0000001e   Code   RO         2714    .text.luaV_shiftl   lvm.o
    0x080168b2   0x080168b2   0x00000002   PAD
    0x080168b4   0x080168b4   0x000000c8   Code   RO         2692    .text.luaV_tointeger  lvm.o
    0x0801697c   0x0801697c   0x00000090   Code   RO         2690    .text.luaV_tointegerns  lvm.o
    0x08016a0c   0x08016a0c   0x00000066   Code   RO         2686    .text.luaV_tonumber_  lvm.o
    0x08016a72   0x08016a72   0x00000002   PAD
    0x08016a74   0x08016a74   0x00000048   Code   RO         2080    .text.luaX_init     llex.o
    0x08016abc   0x08016abc   0x00000010   Code   RO         2096    .text.luaX_lookahead  llex.o
    0x08016acc   0x08016acc   0x0000005c   Code   RO         2088    .text.luaX_newstring  llex.o
    0x08016b28   0x08016b28   0x0000002e   Code   RO         2092    .text.luaX_next     llex.o
    0x08016b56   0x08016b56   0x00000002   PAD
    0x08016b58   0x08016b58   0x0000004e   Code   RO         2090    .text.luaX_setinput  llex.o
    0x08016ba6   0x08016ba6   0x00000002   PAD
    0x08016ba8   0x08016ba8   0x00000006   Code   RO         2084    .text.luaX_syntaxerror  llex.o
    0x08016bae   0x08016bae   0x00000002   PAD
    0x08016bb0   0x08016bb0   0x0000005c   Code   RO         2082    .text.luaX_token2str  llex.o
    0x08016c0c   0x08016c0c   0x0000003a   Code   RO         2314    .text.luaY_nvarstack  lparser.o
    0x08016c46   0x08016c46   0x00000002   PAD
    0x08016c48   0x08016c48   0x00000270   Code   RO         2316    .text.luaY_parser   lparser.o
    0x08016eb8   0x08016eb8   0x0000002a   Code   RO         2730    .text.luaZ_fill     lzio.o
    0x08016ee2   0x08016ee2   0x00000002   PAD
    0x08016ee4   0x08016ee4   0x00000010   Code   RO         2732    .text.luaZ_init     lzio.o
    0x08016ef4   0x08016ef4   0x00000066   Code   RO         2734    .text.luaZ_read     lzio.o
    0x08016f5a   0x08016f5a   0x00000002   PAD
    0x08016f5c   0x08016f5c   0x0000001e   Code   RO         1223    .text.lua_absindex  lapi.o
    0x08016f7a   0x08016f7a   0x00000002   PAD
    0x08016f7c   0x08016f7c   0x0000000c   Code   RO         1219    .text.lua_atpanic   lapi.o
    0x08016f88   0x08016f88   0x00000048   Code   RO         1339    .text.lua_callk     lapi.o
    0x08016fd0   0x08016fd0   0x0000005a   Code   RO         1215    .text.lua_checkstack  lapi.o
    0x0801702a   0x0801702a   0x00000002   PAD
    0x0801702c   0x0801702c   0x0000000a   Code   RO         2398    .text.lua_close     lstate.o
    0x08017036   0x08017036   0x00000002   PAD
    0x08017038   0x08017038   0x00000048   Code   RO         1359    .text.lua_concat    lapi.o
    0x08017080   0x08017080   0x000000f2   Code   RO         1233    .text.lua_copy      lapi.o
    0x08017172   0x08017172   0x00000002   PAD
    0x08017174   0x08017174   0x00000012   Code   RO           19    .text.lua_delay     lua_demo.o
    0x08017186   0x08017186   0x00000002   PAD
    0x08017188   0x08017188   0x00000022   Code   RO         1353    .text.lua_error     lapi.o
    0x080171aa   0x080171aa   0x00000002   PAD
    0x080171ac   0x080171ac   0x000001b2   Code   RO         1351    .text.lua_gc        lapi.o
    0x0801735e   0x0801735e   0x00000002   PAD
    0x08017360   0x08017360   0x000000c2   Code   RO         1303    .text.lua_getfield  lapi.o
    0x08017422   0x08017422   0x00000002   PAD
    0x08017424   0x08017424   0x000000bc   Code   RO         1305    .text.lua_geti      lapi.o
    0x080174e0   0x080174e0   0x00000634   Code   RO         1798    .text.lua_getinfo   ldebug.o
    0x08017b14   0x08017b14   0x00000094   Code   RO         1315    .text.lua_getmetatable  lapi.o
    0x08017ba8   0x08017ba8   0x000000a8   Code   RO         1790    .text.lua_getstack  ldebug.o
    0x08017c50   0x08017c50   0x0000000e   Code   RO         1225    .text.lua_gettop    lapi.o
    0x08017c5e   0x08017c5e   0x00000002   PAD
    0x08017c60   0x08017c60   0x00000076   Code   RO         1243    .text.lua_isinteger  lapi.o
    0x08017cd6   0x08017cd6   0x00000002   PAD
    0x08017cd8   0x08017cd8   0x00000074   Code   RO         1245    .text.lua_isnumber  lapi.o
    0x08017d4c   0x08017d4c   0x0000007c   Code   RO         1247    .text.lua_isstring  lapi.o
    0x08017dc8   0x08017dc8   0x00000018   Code   RO           23    .text.lua_led_off   lua_demo.o
    0x08017de0   0x08017de0   0x00000018   Code   RO           21    .text.lua_led_on    lua_demo.o
    0x08017df8   0x08017df8   0x0000007c   Code   RO         1345    .text.lua_load      lapi.o
    0x08017e74   0x08017e74   0x00000114   Code   RO         2392    .text.lua_newstate  lstate.o
    0x08017f88   0x08017f88   0x0000007e   Code   RO         1355    .text.lua_next      lapi.o
    0x08018006   0x08018006   0x00000002   PAD
    0x08018008   0x08018008   0x000000ac   Code   RO         1341    .text.lua_pcallk    lapi.o
    0x080180b4   0x080180b4   0x00000014   Code   RO         1293    .text.lua_pushboolean  lapi.o
    0x080180c8   0x080180c8   0x00000110   Code   RO         1291    .text.lua_pushcclosure  lapi.o
    0x080181d8   0x080181d8   0x00000030   Code   RO         1289    .text.lua_pushfstring  lapi.o
    0x08018208   0x08018208   0x00000012   Code   RO         1281    .text.lua_pushinteger  lapi.o
    0x0801821a   0x0801821a   0x00000002   PAD
    0x0801821c   0x0801821c   0x0000000e   Code   RO         1277    .text.lua_pushnil   lapi.o
    0x0801822a   0x0801822a   0x00000002   PAD
    0x0801822c   0x0801822c   0x00000014   Code   RO         1279    .text.lua_pushnumber  lapi.o
    0x08018240   0x08018240   0x0000003c   Code   RO         1285    .text.lua_pushstring  lapi.o
    0x0801827c   0x0801827c   0x00000078   Code   RO         1235    .text.lua_pushvalue  lapi.o
    0x080182f4   0x080182f4   0x0000001c   Code   RO         1287    .text.lua_pushvfstring  lapi.o
    0x08018310   0x08018310   0x000000e4   Code   RO         1251    .text.lua_rawequal  lapi.o
    0x080183f4   0x080183f4   0x0000008a   Code   RO         1307    .text.lua_rawget    lapi.o
    0x0801847e   0x0801847e   0x00000002   PAD
    0x08018480   0x08018480   0x00000088   Code   RO         1309    .text.lua_rawgeti   lapi.o
    0x08018508   0x08018508   0x0000009a   Code   RO         1267    .text.lua_rawlen    lapi.o
    0x080185a2   0x080185a2   0x00000002   PAD
    0x080185a4   0x080185a4   0x000000a0   Code   RO         1329    .text.lua_rawset    lapi.o
    0x08018644   0x08018644   0x000000a6   Code   RO         1231    .text.lua_rotate    lapi.o
    0x080186ea   0x080186ea   0x00000002   PAD
    0x080186ec   0x080186ec   0x00000084   Code   RO         1325    .text.lua_setfield  lapi.o
    0x08018770   0x08018770   0x000000e2   Code   RO         1335    .text.lua_setmetatable  lapi.o
    0x08018852   0x08018852   0x00000002   PAD
    0x08018854   0x08018854   0x000000ec   Code   RO         1227    .text.lua_settop    lapi.o
    0x08018940   0x08018940   0x000000e8   Code   RO         1375    .text.lua_setupvalue  lapi.o
    0x08018a28   0x08018a28   0x00000008   Code   RO         1367    .text.lua_setwarnf  lapi.o
    0x08018a30   0x08018a30   0x0000001c   Code   RO         1257    .text.lua_stringtonumber  lapi.o
    0x08018a4c   0x08018a4c   0x0000007e   Code   RO         1263    .text.lua_toboolean  lapi.o
    0x08018aca   0x08018aca   0x00000002   PAD
    0x08018acc   0x08018acc   0x00000088   Code   RO         1261    .text.lua_tointegerx  lapi.o
    0x08018b54   0x08018b54   0x00000102   Code   RO         1265    .text.lua_tolstring  lapi.o
    0x08018c56   0x08018c56   0x00000002   PAD
    0x08018c58   0x08018c58   0x00000088   Code   RO         1259    .text.lua_tonumberx  lapi.o
    0x08018ce0   0x08018ce0   0x000000a0   Code   RO         1275    .text.lua_topointer  lapi.o
    0x08018d80   0x08018d80   0x00000076   Code   RO         1237    .text.lua_type      lapi.o
    0x08018df6   0x08018df6   0x00000002   PAD
    0x08018df8   0x08018df8   0x00000010   Code   RO         1239    .text.lua_typename  lapi.o
    0x08018e08   0x08018e08   0x00000004   Code   RO         1369    .text.lua_warning   lapi.o
    0x08018e0c   0x08018e0c   0x00000064   Code   RO         1517    .text.luaopen_base  lbaselib.o
    0x08018e70   0x08018e70   0x000000b8   Code   RO           38    .text.main          main.o
    0x08018f28   0x08018f28   0x00000134   Code   RO         2540    .text.mainpositionTV  ltable.o
    0x0801905c   0x0801905c   0x000000c2   Code   RO         1972    .text.markmt        lgc.o
    0x0801911e   0x0801911e   0x00000002   PAD
    0x08019120   0x08019120   0x00000004   Code   RO         1571    .text.pairscont     lbaselib.o
    0x08019124   0x08019124   0x00000084   Code   RO         1492    .text.panic         lauxlib.o
    0x080191a8   0x080191a8   0x000000f4   Code   RO         1186    .text.print_call_stack  cm_backtrace.o
    0x0801929c   0x0801929c   0x00000610   Code   RO         1976    .text.propagatemark  lgc.o
    0x080198ac   0x080198ac   0x000000a0   Code   RO         1408    .text.pushglobalfuncname  lauxlib.o
    0x0801994c   0x0801994c   0x00000210   Code   RO         2102    .text.read_long_string  llex.o
    0x08019b5c   0x08019b5c   0x00000268   Code   RO         2104    .text.read_numeral  llex.o
    0x08019dc4   0x08019dc4   0x000000b0   Code   RO         1944    .text.reallymarkobject  lgc.o
    0x08019e74   0x08019e74   0x000000ba   Code   RO         2338    .text.recfield      lparser.o
    0x08019f2e   0x08019f2e   0x00000002   PAD
    0x08019f30   0x08019f30   0x000001ea   Code   RO         2358    .text.restassign    lparser.o
    0x0801a11a   0x0801a11a   0x00000002   PAD
    0x0801a11c   0x0801a11c   0x0000007a   Code   RO         1861    .text.rethook       ldo.o
    0x0801a196   0x0801a196   0x00000002   PAD
    0x0801a198   0x0801a198   0x000000ac   Code   RO         1608    .text.savelineinfo  lcode.o
    0x0801a244   0x0801a244   0x0000036e   Code   RO         1960    .text.singlestep    lgc.o
    0x0801a5b2   0x0801a5b2   0x00000002   PAD
    0x0801a5b4   0x0801a5b4   0x0000027e   Code   RO         2344    .text.singlevaraux  lparser.o
    0x0801a832   0x0801a832   0x00000002   PAD
    0x0801a834   0x0801a834   0x000000e4   Code   RO         2100    .text.skip_sep      llex.o
    0x0801a918   0x0801a918   0x0000008e   Code   RO         1462    .text.skipcomment   lauxlib.o
    0x0801a9a6   0x0801a9a6   0x00000002   PAD
    0x0801a9a8   0x0801a9a8   0x00001398   Code   RO         2322    .text.statement     lparser.o
    0x0801bd40   0x0801bd40   0x00000330   Code   RO         2330    .text.subexpr       lparser.o
    0x0801c070   0x0801c070   0x000001a8   Code   RO         2336    .text.suffixedexp   lparser.o
    0x0801c218   0x0801c218   0x000001c8   Code   RO         2326    .text.test_then_block  lparser.o
    0x0801c3e0   0x0801c3e0   0x00000004   Code   RO           11    .text.time          lua_demo.o
    0x0801c3e4   0x0801c3e4   0x0000006e   Code   RO         2250    .text.tostringbuff  lobject.o
    0x0801c452   0x0801c452   0x00000002   PAD
    0x0801c454   0x0801c454   0x000001cc   Code   RO         1978    .text.traverseephemeron  lgc.o
    0x0801c620   0x0801c620   0x00000038   Code   RO         1802    .text.typeerror     ldebug.o
    0x0801c658   0x0801c658   0x0000008c   Code   RO         2348    .text.undefgoto     lparser.o
    0x0801c6e4   0x0801c6e4   0x00000128   Code   RO         1804    .text.varinfo       ldebug.o
    0x0801c80c   0x0801c80c   0x00000052   Code   RO         1504    .text.warnfcont     lauxlib.o
    0x0801c85e   0x0801c85e   0x00000002   PAD
    0x0801c860   0x0801c860   0x00000054   Code   RO         1494    .text.warnfoff      lauxlib.o
    0x0801c8b4   0x0801c8b4   0x000000d2   Code   RO         1502    .text.warnfon       lauxlib.o
    0x0801c986   0x0801c986   0x00000002   PAD
    0x0801c988   0x0801c988   0x0000001c   Code   RO         3276    i.__0fprintf        mc_w.l(printfa.o)
    0x0801c9a4   0x0801c9a4   0x00000020   Code   RO         3277    i.__0printf         mc_w.l(printfa.o)
    0x0801c9c4   0x0801c9c4   0x00000034   Code   RO         3278    i.__0snprintf       mc_w.l(printfa.o)
    0x0801c9f8   0x0801c9f8   0x00000028   Code   RO         3279    i.__0sprintf        mc_w.l(printfa.o)
    0x0801ca20   0x0801ca20   0x00000026   Code   RO         3348    i.__ARM_fpclassifyf  m_wm.l(fpclassifyf.o)
    0x0801ca46   0x0801ca46   0x00000002   PAD
    0x0801ca48   0x0801ca48   0x00000008   Code   RO         3333    i.__aeabi_errno_addr  mc_w.l(errno.o)
    0x0801ca50   0x0801ca50   0x0000005c   Code   RO         3309    i.__free$realloc    mc_w.l(mallocr.o)
    0x0801caac   0x0801caac   0x00000070   Code   RO         2807    i.__hardfp_floorf   m_wm.l(floorf.o)
    0x0801cb1c   0x0801cb1c   0x000000b0   Code   RO         2813    i.__hardfp_fmodf    m_wm.l(fmodf.o)
    0x0801cbcc   0x0801cbcc   0x00000054   Code   RO         2819    i.__hardfp_frexpf   m_wm.l(frexpf.o)
    0x0801cc20   0x0801cc20   0x0000008e   Code   RO         2825    i.__hardfp_ldexpf   m_wm.l(ldexpf.o)
    0x0801ccae   0x0801ccae   0x00000002   PAD
    0x0801ccb0   0x0801ccb0   0x00000664   Code   RO         2852    i.__hardfp_powf     m_wm.l(powf.o)
    0x0801d314   0x0801d314   0x00000020   Code   RO         2871    i.__hardfp_strtof   m_wm.l(strtof.o)
    0x0801d334   0x0801d334   0x00000050   Code   RO         3310    i.__malloc$realloc  mc_w.l(mallocr.o)
    0x0801d384   0x0801d384   0x00000014   Code   RO         3350    i.__mathlib_flt_divzero  m_wm.l(funder.o)
    0x0801d398   0x0801d398   0x00000006   Code   RO         3352    i.__mathlib_flt_infnan2  m_wm.l(funder.o)
    0x0801d39e   0x0801d39e   0x00000002   PAD
    0x0801d3a0   0x0801d3a0   0x00000010   Code   RO         3353    i.__mathlib_flt_invalid  m_wm.l(funder.o)
    0x0801d3b0   0x0801d3b0   0x00000010   Code   RO         3354    i.__mathlib_flt_overflow  m_wm.l(funder.o)
    0x0801d3c0   0x0801d3c0   0x00000010   Code   RO         3356    i.__mathlib_flt_underflow  m_wm.l(funder.o)
    0x0801d3d0   0x0801d3d0   0x0000000e   Code   RO         3464    i.__scatterload_copy  mc_w.l(handlers.o)
    0x0801d3de   0x0801d3de   0x00000002   Code   RO         3465    i.__scatterload_null  mc_w.l(handlers.o)
    0x0801d3e0   0x0801d3e0   0x0000000e   Code   RO         3466    i.__scatterload_zeroinit  mc_w.l(handlers.o)
    0x0801d3ee   0x0801d3ee   0x00000002   PAD
    0x0801d3f0   0x0801d3f0   0x0000000c   Code   RO         3335    i.__set_errno       mc_w.l(errno.o)
    0x0801d3fc   0x0801d3fc   0x00000184   Code   RO         3284    i._fp_digits        mc_w.l(printfa.o)
    0x0801d580   0x0801d580   0x0000000e   Code   RO         3453    i._is_digit         mc_w.l(scanf_fp.o)
    0x0801d58e   0x0801d58e   0x00000002   PAD
    0x0801d590   0x0801d590   0x000006dc   Code   RO         3285    i._printf_core      mc_w.l(printfa.o)
    0x0801dc6c   0x0801dc6c   0x00000024   Code   RO         3286    i._printf_post_padding  mc_w.l(printfa.o)
    0x0801dc90   0x0801dc90   0x0000002e   Code   RO         3287    i._printf_pre_padding  mc_w.l(printfa.o)
    0x0801dcbe   0x0801dcbe   0x00000016   Code   RO         3288    i._snputc           mc_w.l(printfa.o)
    0x0801dcd4   0x0801dcd4   0x0000000a   Code   RO         3289    i._sputc            mc_w.l(printfa.o)
    0x0801dcde   0x0801dcde   0x00000012   Code   RO         2900    i.fputc             mc_w.l(fputc.o)
    0x0801dcf0   0x0801dcf0   0x00000018   Code   RO         2892    i.fputs             mc_w.l(fputs.o)
    0x0801dd08   0x0801dd08   0x00000034   Code   RO         2902    i.fread             mc_w.l(fread.o)
    0x0801dd3c   0x0801dd3c   0x00000024   Code   RO         2896    i.fwrite            mc_w.l(fwrite.o)
    0x0801dd60   0x0801dd60   0x00000004   Code   RO         2904    i.getc              mc_w.l(getc.o)
    0x0801dd64   0x0801dd64   0x00000050   Code   RO         3311    i.internal_alloc    mc_w.l(mallocr.o)
    0x0801ddb4   0x0801ddb4   0x00000024   Code   RO         2894    i.puts              mc_w.l(puts.o)
    0x0801ddd8   0x0801ddd8   0x0000006c   Code   RO         3312    i.realloc           mc_w.l(mallocr.o)
    0x0801de44   0x0801de44   0x00000140   Data   RO         2855    .constdata          m_wm.l(powf.o)
    0x0801df84   0x0801df84   0x00000081   Data   RO         2956    .constdata          mc_w.l(ctype_o.o)
    0x0801e005   0x0801e005   0x00000003   PAD
    0x0801e008   0x0801e008   0x00000004   Data   RO         2957    .constdata          mc_w.l(ctype_o.o)
    0x0801e00c   0x0801e00c   0x00000038   Data   RO         3404    .constdata          mc_w.l(ilconv.o)
    0x0801e044   0x0801e044   0x00000005   Data   RO         3405    .conststring        mc_w.l(ilconv.o)
    0x0801e049   0x0801e049   0x00000010   Data   RO          157    .rodata.AHBPrescTable  system_stm32f4xx.o
    0x0801e059   0x0801e059   0x00000008   Data   RO          158    .rodata.APBPrescTable  system_stm32f4xx.o
    0x0801e061   0x0801e061   0x00000003   PAD
    0x0801e064   0x0801e064   0x00000008   Data   RO         2558    .rodata.absentkey   ltable.o
    0x0801e06c   0x0801e06c   0x000000d0   Data   RO         1575    .rodata.base_funcs  lbaselib.o
    0x0801e13c   0x0801e13c   0x00000004   Data   RO         1684    .rodata.cst4        lcode.o
    0x0801e140   0x0801e140   0x00000010   Data   RO         2559    .rodata.dummynode_  ltable.o
    0x0801e150   0x0801e150   0x0000002c   Data   RO         1577    .rodata.luaB_collectgarbage.opts  lbaselib.o
    0x0801e17c   0x0801e17c   0x00000010   Data   RO         1683    .rodata.luaK_prefix.ef  lcode.o
    0x0801e18c   0x0801e18c   0x00000100   Data   RO         2258    .rodata.luaO_ceillog2.log_2  lobject.o
    0x0801e28c   0x0801e28c   0x00000053   Data   RO         2269    .rodata.luaP_opmodes  lopcodes.o
    0x0801e2df   0x0801e2df   0x00000001   PAD
    0x0801e2e0   0x0801e2e0   0x00000064   Data   RO         2631    .rodata.luaT_init.luaT_eventname  ltm.o
    0x0801e344   0x0801e344   0x00000030   Data   RO         2630    .rodata.luaT_typenames_  ltm.o
    0x0801e374   0x0801e374   0x0000014c   Data   RO         2721    .rodata.luaV_execute.disptab  lvm.o
    0x0801e4c0   0x0801e4c0   0x00000094   Data   RO         2107    .rodata.luaX_tokens  llex.o
    0x0801e554   0x0801e554   0x0000004e   Data   RO           25    .rodata.lua_test    lua_demo.o
    0x0801e5a2   0x0801e5a2   0x00000101   Data   RO         1726    .rodata.luai_ctype_  lctype.o
    0x0801e6a3   0x0801e6a3   0x0000002a   Data   RO         2361    .rodata.priority    lparser.o
    0x0801e6cd   0x0801e6cd   0x00000015   Data   RO           27    .rodata.str1.1      lua_demo.o
    0x0801e6e2   0x0801e6e2   0x00000799   Data   RO         1201    .rodata.str1.1      cm_backtrace.o
    0x0801ee7b   0x0801ee7b   0x0000000a   Data   RO         1382    .rodata.str1.1      lapi.o
    0x0801ee85   0x0801ee85   0x00000072   Data   RO         1507    .rodata.str1.1      lauxlib.o
    0x0801eef7   0x0801eef7   0x00000115   Data   RO         1576    .rodata.str1.1      lbaselib.o
    0x0801f00c   0x0801f00c   0x00000053   Data   RO         1682    .rodata.str1.1      lcode.o
    0x0801f05f   0x0801f05f   0x00000072   Data   RO         1830    .rodata.str1.1      ldebug.o
    0x0801f0d1   0x0801f0d1   0x00000042   Data   RO         1891    .rodata.str1.1      ldo.o
    0x0801f113   0x0801f113   0x000000fa   Data   RO         2106    .rodata.str1.1      llex.o
    0x0801f20d   0x0801f20d   0x0000001b   Data   RO         2259    .rodata.str1.1      lobject.o
    0x0801f228   0x0801f228   0x0000007d   Data   RO         2360    .rodata.str1.1      lparser.o
    0x0801f2a5   0x0801f2a5   0x00000011   Data   RO         2404    .rodata.str1.1      lstate.o
    0x0801f2b6   0x0801f2b6   0x000000c2   Data   RO         2628    .rodata.str1.1      ltm.o
    0x0801f378   0x0801f378   0x00000048   Data   RO         2648    .rodata.str1.1      lundump.o
    0x0801f3c0   0x0801f3c0   0x0000004d   Data   RO         2720    .rodata.str1.1      lvm.o
    0x0801f40d   0x0801f40d   0x00000007   Data   RO         1988    .rodata.sweepgen.nextage  lgc.o
    0x0801f414   0x0801f414   0x00000009   Data   RO         2629    .rodata.udatatypename  ltm.o
    0x0801f41d   0x0801f41d   0x00000003   PAD
    0x0801f420   0x0801f420   0x00000020   Data   RO         3463    Region$$Table       anon$$obj.o


    Execution Region RW_IRAM1 (Exec base: 0x20000000, Load base: 0x0801f440, Size: 0x00004480, Max: 0x00020000, ABSOLUTE)

    Exec Addr    Load Addr    Size         Type   Attr      Idx    E Section Name        Object

    0x20000000   0x0801f440   0x00000003   Data   RW         2887    .data               mc_w.l(fgetc_u.o)
    0x20000003   0x0801f443   0x00000001   PAD
    0x20000004   0x0801f444   0x00000004   Data   RW         2950    .data               mc_w.l(stdin.o)
    0x20000008   0x0801f448   0x00000004   Data   RW         2951    .data               mc_w.l(stdout.o)
    0x2000000c   0x0801f44c   0x00000004   Data   RW         2952    .data               mc_w.l(stderr.o)
    0x20000010   0x0801f450   0x00000004   Data   RW         3336    .data               mc_w.l(errno.o)
    0x20000014   0x0801f454   0x00000004   Data   RW         3412    .data               mc_w.l(mvars.o)
    0x20000018   0x0801f458   0x00000004   Data   RW         3413    .data               mc_w.l(mvars.o)
    0x2000001c   0x0801f45c   0x00000004   Data   RW          156    .data.SystemCoreClock  system_stm32f4xx.o
    0x20000020   0x0801f460   0x00000020   Data   RW           26    .data.mylib         lua_demo.o
    0x20000040   0x0801f480   0x00000001   Data   RW          914    .data.uwTickFreq    stm32f4xx_hal.o
    0x20000041   0x0801f481   0x00000003   PAD
    0x20000044   0x0801f484   0x00000004   Data   RW          913    .data.uwTickPrio    stm32f4xx_hal.o
    0x20000048        -       0x00000120   Zero   RW         1202    .bss.call_stack_info  cm_backtrace.o
    0x20000168        -       0x00000001   Zero   RW         1196    .bss.code_size      cm_backtrace.o
    0x20000169   0x0801f488   0x00000003   PAD
    0x2000016c        -       0x00000001   Zero   RW         1195    .bss.code_start_addr  cm_backtrace.o
    0x2000016d        -       0x00000021   Zero   RW         1190    .bss.fw_name        cm_backtrace.o
    0x2000018e   0x0801f488   0x00000002   PAD
    0x20000190        -       0x00000060   Zero   RW           95    .bss.hdma_usart1_rx  usart.o
    0x200001f0        -       0x00000060   Zero   RW           96    .bss.hdma_usart1_tx  usart.o
    0x20000250        -       0x00000060   Zero   RW           97    .bss.hdma_usart2_rx  usart.o
    0x200002b0        -       0x00000060   Zero   RW           98    .bss.hdma_usart2_tx  usart.o
    0x20000310        -       0x00000048   Zero   RW           76    .bss.htim11         tim.o
    0x20000358        -       0x00000048   Zero   RW           93    .bss.huart1         usart.o
    0x200003a0        -       0x00000048   Zero   RW           94    .bss.huart2         usart.o
    0x200003e8        -       0x00000021   Zero   RW         1191    .bss.hw_ver         cm_backtrace.o
    0x20000409        -       0x00000001   Zero   RW         1197    .bss.init_ok        cm_backtrace.o
    0x2000040a   0x0801f488   0x00000002   PAD
    0x2000040c        -       0x00000001   Zero   RW         1194    .bss.main_stack_size  cm_backtrace.o
    0x2000040d   0x0801f488   0x00000003   PAD
    0x20000410        -       0x00000001   Zero   RW         1193    .bss.main_stack_start_addr  cm_backtrace.o
    0x20000411        -       0x00000001   Zero   RW         1198    .bss.on_fault       cm_backtrace.o
    0x20000412   0x0801f488   0x00000002   PAD
    0x20000414        -       0x00000044   Zero   RW         1200    .bss.regs           cm_backtrace.o
    0x20000458        -       0x00000001   Zero   RW         1199    .bss.stack_is_overflow  cm_backtrace.o
    0x20000459        -       0x00000021   Zero   RW         1192    .bss.sw_ver         cm_backtrace.o
    0x2000047a   0x0801f488   0x00000002   PAD
    0x2000047c        -       0x00000004   Zero   RW          915    .bss.uwTick         stm32f4xx_hal.o
    0x20000480        -       0x00002000   Zero   RW            2    HEAP                startup_stm32f407xx.o
    0x20002480        -       0x00002000   Zero   RW            1    STACK               startup_stm32f407xx.o


==============================================================================

Image component sizes


      Code (inc. data)   RO Data    RW Data    ZI Data      Debug   Object Name

      2794        348       1945          0        462       9371   cm_backtrace.o
        12          0          0          0          0        444   cmb_fault_keil.o
       124          0          0          0          0       3559   dma.o
       204          0          0          0          0       2273   gpio.o
      5872         34         10          0          0      72416   lapi.o
      3722        438        114          0          0      32819   lauxlib.o
      3066        294        529          0          0      12242   lbaselib.o
     12432        198        103          0          0      78625   lcode.o
         0          0        257          0          0        474   lctype.o
      5860        438        114          0          0      37889   ldebug.o
      4962         16         66          0          0      37782   ldo.o
      1118         44          0          0          0      14173   lfunc.o
      9536        370          7          0          0      50282   lgc.o
      6774        760        398          0          0      30455   llex.o
       700         68          0          0          0      11607   lmem.o
      3700        246        283          0          0      26707   lobject.o
         0          0         83          0          0        478   lopcodes.o
     13478        834        167          0          0      72068   lparser.o
      1334         52         17          0          0      15717   lstate.o
      2512         20          0          0          0      17971   lstring.o
      4886        136         24          0          0      28837   ltable.o
      2300         64        351          0          0      19257   ltm.o
       152          0         99         32          0       2598   lua_demo.o
      3108        250         72          0          0      18759   lundump.o
     17566        234        409          0          0      67862   lvm.o
       160          0          0          0          0       6529   lzio.o
       358         24          0          0          0       6041   main.o
        36          8        392          0      16384        824   startup_stm32f407xx.o
       212          0          0          5          4       7507   stm32f4xx_hal.o
       258          0          0          0          0      11050   stm32f4xx_hal_cortex.o
       906         12          0          0          0       9448   stm32f4xx_hal_dma.o
       420          0          0          0          0       5369   stm32f4xx_hal_gpio.o
        56          0          0          0          0       1485   stm32f4xx_hal_msp.o
      1376          0          0          0          0       7474   stm32f4xx_hal_rcc.o
       714          0          0          0          0      45119   stm32f4xx_hal_tim.o
         4          0          0          0          0      19361   stm32f4xx_hal_tim_ex.o
      1304          0          0          0          0      24862   stm32f4xx_hal_uart.o
       102          0          0          0          0       6150   stm32f4xx_it.o
        18          0         24          4          0       2721   system_stm32f4xx.o
       128          0          0          0         72       6997   tim.o
       624          0          0          0        528       7553   usart.o

    ----------------------------------------------------------------------
    113236       4888       5503         44      17464     833155   Object Totals
         0          0         32          0          0          0   (incl. Generated)
       348          0          7          3         14          0   (incl. Padding)

    ----------------------------------------------------------------------

      Code (inc. data)   RO Data    RW Data    ZI Data      Debug   Library Member Name

       112         14          0          0          0        116   floorf.o
       176          0          0          0          0        168   fmodf.o
        38          0          0          0          0        116   fpclassifyf.o
        84          4          0          0          0        116   frexpf.o
        74         24          0          0          0        580   funder.o
       142          0          0          0          0        156   ldexpf.o
      1636        110        320          0          0        372   powf.o
        32          6          0          0          0        124   strtof.o
        64          0          0          0          0         84   _sgetc.o
         8          4        133          0          0         68   ctype_o.o
         0          0          0          0          0          0   entry.o
         0          0          0          0          0          0   entry10a.o
         0          0          0          0          0          0   entry11a.o
         8          4          0          0          0          0   entry2.o
         4          0          0          0          0          0   entry5.o
         0          0          0          0          0          0   entry7b.o
         0          0          0          0          0          0   entry8b.o
         8          4          0          0          0          0   entry9a.o
        20         10          0          4          0        136   errno.o
        56          6          0          3          0        136   fgetc_u.o
        18          0          0          0          0         80   fputc.o
        24          0          0          0          0         80   fputs.o
        52          0          0          0          0         88   fread.o
        36          0          0          0          0         84   fwrite.o
         4          0          0          0          0         68   getc.o
        30          0          0          0          0          0   handlers.o
         0          0         61          0          0          0   ilconv.o
        36          8          0          0          0         68   init.o
        18          0          0          0          0         76   isspace_o.o
         0          0          0          0          0          0   iusefp.o
         0          0          0          0          0          0   iusesemig.o
         0          0          0          0          0          0   iusesemip.o
        30          0          0          0          0         68   llshl.o
        36          0          0          0          0         68   llsshr.o
        32          0          0          0          0         68   llushr.o
         8          4          0          0          0         68   localeconv.o
       360         30          0          0          0        356   mallocr.o
        26          0          0          0          0         80   memcmp.o
        36          0          0          0          0         68   memcpya.o
        36          0          0          0          0        108   memseta.o
         0          0          0          8          0          0   mvars.o
      2410        106          0          0          0        844   printfa.o
        36          6          0          0          0         80   puts.o
       878         12          0          0          0        216   scanf_fp.o
         0          0          0          0          0          0   semi.o
         0          0          0          4          0          0   stderr.o
         0          0          0          4          0          0   stdin.o
         0          0          0          4          0          0   stdout.o
        20          0          0          0          0         68   strchr.o
        28          0          0          0          0         76   strcmp.o
         4          0          0          0          0         68   strcoll.o
        18          0          0          0          0         68   strcpy.o
       228        196          0          0          0         68   strerror.o
        14          0          0          0          0         68   strlen.o
        30          0          0          0          0         80   strncmp.o
        24          0          0          0          0         76   strncpy.o
        32          0          0          0          0         76   strpbrk.o
        28          0          0          0          0         80   strspn.o
       168         12          0          0          0        124   strtod.o
         8          0          0          0          0         68   strtof.o
        12          0          0          0          0         68   toupper.o
        44          0          0          0          0         80   uidiv.o
        98          0          0          0          0         92   uldiv.o
        48          0          0          0          0         68   cdrcmple.o
        56          0          0          0          0         88   d2f.o
       334          0          0          0          0        148   dadd.o
       222          0          0          0          0        100   ddiv.o
       186          0          0          0          0        176   depilogue.o
        48          0          0          0          0         68   dfixul.o
        24          0          0          0          0         76   dfltul.o
       228          0          0          0          0         96   dmul.o
        38          0          0          0          0         68   f2d.o
       110          0          0          0          0        168   fepilogue.o
         4          0          0          0          0         68   fpstat.o
        82          0          0          0          0         96   frem.o
        24          0          0          0          0         68   fscalb.o
        62          0          0          0          0         92   setjmp.o

    ----------------------------------------------------------------------
      8808        560        517         28          0       7280   Library Totals
        18          0          3          1          0          0   (incl. Padding)

    ----------------------------------------------------------------------

      Code (inc. data)   RO Data    RW Data    ZI Data      Debug   Library Name

      2294        158        320          0          0       1748   m_wm.l
      5030        402        194         27          0       4152   mc_w.l
      1466          0          0          0          0       1380   mf_w.l

    ----------------------------------------------------------------------
      8808        560        517         28          0       7280   Library Totals

    ----------------------------------------------------------------------

==============================================================================


      Code (inc. data)   RO Data    RW Data    ZI Data      Debug   

    122044       5448       6020         72      17464     835495   Grand Totals
    122044       5448       6020         72      17464     835495   ELF Image Totals
    122044       5448       6020         72          0          0   ROM Totals

==============================================================================

    Total RO  Size (Code + RO Data)               128064 ( 125.06kB)
    Total RW  Size (RW Data + ZI Data)             17536 (  17.13kB)
    Total ROM Size (Code + RO Data + RW Data)     128136 ( 125.13kB)

==============================================================================

