T63A0 000:000.289   SEGGER J-Link V8.12c Log File
T63A0 000:000.362   DLL Compiled: Jan 22 2025 12:55:59
T63A0 000:000.364   Logging started @ 2025-04-06 17:23
T63A0 000:000.367   Process: C:\Users\uYanki\.eclipse\com.renesas.platform_1435879475\DebugComp\RA\e2-server-gdb.exe
T63A0 000:000.372 - 0.369ms 
T63A0 000:000.379 JLINK_GetDLLVersion()
T63A0 000:000.382 - 0.003ms returns 81203
T63A0 000:002.578 JLINK_OpenEx(...)
T63A0 000:011.052   Firmware: J-Link OB-S124 compiled Jan 17 2022 10:30:42
T63A0 000:012.517   Firmware: J-Link OB-S124 compiled Jan 17 2022 10:30:42
T63A0 000:013.056   Looking for J-Link GUI Server exe at: C:\Users\uYanki\.eclipse\com.renesas.platform_1435879475\DebugComp\RA\ARM\Segger_v8.12.3\JLinkGUIServer.exe
T63A0 000:013.107   Looking for J-Link GUI Server exe at: C:\Program Files\SEGGER\JLink_V812a\JLinkGUIServer.exe
T63A0 000:013.114   Forking J-Link GUI Server: C:\Program Files\SEGGER\JLink_V812a\JLinkGUIServer.exe
T63A0 000:047.318   J-Link GUI Server info: "J-Link GUI server V8.12a "
T63A0 000:556.825   Hardware: V1.00
T63A0 000:556.845   S/N: 831004110
T63A0 000:556.851   OEM: SEGGER
T63A0 000:556.856   Feature(s): None
T63A0 000:557.462   Bootloader: (FW returned invalid version)
T63A0 000:558.990   TELNET listener socket opened on port 19021
T63A0 000:559.060   WEBSRV WEBSRV_Init(): Starting webserver thread(s)
T63A0 000:559.142   WEBSRV Webserver running on local port 19080
T63A0 000:559.212   Looking for J-Link GUI Server exe at: C:\Users\uYanki\.eclipse\com.renesas.platform_1435879475\DebugComp\RA\ARM\Segger_v8.12.3\JLinkGUIServer.exe
T63A0 000:559.231   Looking for J-Link GUI Server exe at: C:\Program Files\SEGGER\JLink_V812a\JLinkGUIServer.exe
T63A0 000:559.239   Forking J-Link GUI Server: C:\Program Files\SEGGER\JLink_V812a\JLinkGUIServer.exe
T63A0 000:560.362   J-Link GUI Server info: "J-Link GUI server V8.12a "
T63A0 000:560.701 - 558.118ms returns "O.K."
T63A0 000:560.786 JLINK_ExecCommand("ProjectFile=F:\emkit\renesas\2_software\R7FA6M4A\e2studio\iap\bootloader/bootloader Debug_Flat.jlink", ...). 
T63A0 000:592.403 - 31.617ms returns 0x00
T63A0 000:592.658 JLINK_ExecCommand("device=R7FA6M4AF", ...). 
T63A0 000:593.502   Flash bank @ 0x0100A100: SFL: Parsing sectorization info from ELF file
T63A0 000:593.513     FlashDevice.SectorInfo[0]: .SectorSize = 0x00000010, .SectorStartAddr = 0x00000000
T63A0 000:593.521   FlashBank @0x0100A100: Sectorization info from SFL ELF file ignored because sectorization override from DLL / XML file is active.
T63A0 000:593.920   Flash bank @ 0x60000000: SFL: Parsing sectorization info from ELF file
T63A0 000:593.927     FlashDevice.SectorInfo[0]: .SectorSize = 0x00010000, .SectorStartAddr = 0x00000000
T63A0 000:596.729   Device "R7FA6M4AF" selected.
T63A0 000:596.858 - 4.194ms returns 0x00
T63A0 000:596.866 JLINK_TIF_GetAvailable(...)
T63A0 000:597.547 - 0.680ms 
T63A0 000:597.556 JLINK_TIF_Select(JLINKARM_TIF_SWD)
T63A0 000:599.447 - 1.890ms returns 0x00
T63A0 000:599.462 JLINK_SetSpeed(4000)
T63A0 000:599.692 - 0.231ms 
T63A0 000:599.705 JLINK_ReadMem(0xE000EDF0, 0x4 Bytes, ...)
T63A0 000:600.129   ConfigTargetSettings() start
T63A0 000:600.133    J-Link Script File: Executing ConfigTargetSettings()
T63A0 000:600.139   Configuring FlashDLNoRMWThreshold=0x200 in order to make sure that option bytes programming is done via read-modify-write
T63A0 000:602.629   ConfigTargetSettings() end - Took 2.49ms
T63A0 000:602.636   InitTarget() start
T63A0 000:602.639    J-Link Script File: Executing InitTarget()
T63A0 000:602.643   SWD selected. Executing JTAG -> SWD switching sequence.
T63A0 000:606.989   DAP initialized successfully.
T63A0 000:606.997   Determining TrustZone configuration...
T63A0 000:609.655     Secure Debug: Enabled (SSD)
T63A0 000:609.678   Determining currently configured transfer type by reading the AHB-AP CSW register.
T63A0 000:611.886     --> Correct transfer type configured. Done.
T63A0 000:611.895   InitTarget() end - Took 9.25ms
T63A0 000:613.225   Found SW-DP with ID 0x6BA02477
T63A0 000:617.847   DPIDR: 0x6BA02477
T63A0 000:617.897   CoreSight SoC-400 or earlier
T63A0 000:617.901   Scanning AP map to find all available APs
T63A0 000:620.339   AP[2]: Stopped AP scan as end of AP map has been reached
T63A0 000:620.363   AP[0]: AHB-AP (IDR: 0x84770001, ADDR: 0x00000000)
T63A0 000:620.367   AP[1]: APB-AP (IDR: 0x54770002, ADDR: 0x01000000)
T63A0 000:620.370   Iterating through AP map to find AHB-AP to use
T63A0 000:622.405   AP[0]: Core found
T63A0 000:622.426   AP[0]: AHB-AP ROM base: 0xE00FE000
T63A0 000:623.520   CPUID register: 0x410FD214. Implementer code: 0x41 (ARM)
T63A0 000:623.528   Feature set: Mainline
T63A0 000:624.498   Cache: No cache
T63A0 000:624.504   Found Cortex-M33 r0p4, Little endian.
T63A0 000:625.568   -- Max. mem block: 0x000019E0
T63A0 000:627.345   
  ***** Warning: 
T63A0 000:627.353   Cortex-M (ARMv8-M and later): The connected J-Link (S/N 831004110) uses an old firmware module that does not handle I/D-cache correctly. Proper debugging functionality cannot be guaranteed if cache is enabled
T63A0 000:627.366   CPU_ReadMem(4 bytes @ 0xE000EDF0)
T63A0 000:628.234   CPU_ReadMem(4 bytes @ 0xE0002000)
T63A0 000:629.034   FPUnit: 8 code (BP) slots and 0 literal slots
T63A0 000:629.047   CPU_ReadMem(4 bytes @ 0xE000EDFC)
T63A0 000:629.825   CPU_ReadMem(4 bytes @ 0xE0001000)
T63A0 000:630.625   CPU_ReadMem(4 bytes @ 0xE0001000)
T63A0 000:631.533   CPU_ReadMem(4 bytes @ 0xE0001028)
T63A0 000:632.320   CPU_ReadMem(4 bytes @ 0xE0001038)
T63A0 000:633.132   CPU_ReadMem(4 bytes @ 0xE0001048)
T63A0 000:633.930   CPU_ReadMem(4 bytes @ 0xE0001058)
T63A0 000:634.752   CPU_WriteMem(4 bytes @ 0xE0001000)
T63A0 000:635.632   CPU_ReadMem(4 bytes @ 0xE000ED88)
T63A0 000:636.432   CPU_WriteMem(4 bytes @ 0xE000ED88)
T63A0 000:637.300   CPU_ReadMem(4 bytes @ 0xE000ED88)
T63A0 000:638.127   CPU_WriteMem(4 bytes @ 0xE000ED88)
T63A0 000:639.078   CPU_ReadMem(4 bytes @ 0xE000EFB8)
T63A0 000:639.921   Security extension: implemented
T63A0 000:639.928   Secure debug: enabled
T63A0 000:639.934   CoreSight components:
T63A0 000:639.940   ROMTbl[0] @ E00FE000
T63A0 000:639.947   CPU_ReadMem(64 bytes @ 0xE00FE000)
T63A0 000:641.531   CPU_ReadMem(32 bytes @ 0xE0044FE0)
T63A0 000:642.722   CPU_ReadMem(4 bytes @ 0xE0044FBC)
T63A0 000:643.558   CPU_ReadMem(4 bytes @ 0xE0044FCC)
T63A0 000:644.299   [0][0]: E0044000 CID B105900D PID 005BB906 DEVARCH 00000000 DEVTYPE 14 CTI (?)
T63A0 000:644.304   CPU_ReadMem(32 bytes @ 0xE0047FE0)
T63A0 000:645.381   CPU_ReadMem(4 bytes @ 0xE0047FBC)
T63A0 000:646.121   CPU_ReadMem(4 bytes @ 0xE0047FCC)
T63A0 000:646.948   [0][1]: E0047000 CID B105900D PID 003BB908 DEVARCH 00000000 DEVTYPE 12 CSTF
T63A0 000:646.952   CPU_ReadMem(32 bytes @ 0xE0048FE0)
T63A0 000:648.174   CPU_ReadMem(4 bytes @ 0xE0048FBC)
T63A0 000:648.990   CPU_ReadMem(4 bytes @ 0xE0048FCC)
T63A0 000:649.701   [0][2]: E0048000 CID B105900D PID 001BB961 DEVARCH 00000000 DEVTYPE 21 TMC
T63A0 000:649.705   CPU_ReadMem(32 bytes @ 0xE0049FE0)
T63A0 000:650.829   [0][3]: E0049000 CID B105F00D PID 001BB101 TSG
T63A0 000:650.842   CPU_ReadMem(32 bytes @ 0xE0040FE0)
T63A0 000:651.961   CPU_ReadMem(4 bytes @ 0xE0040FBC)
T63A0 000:652.793   CPU_ReadMem(4 bytes @ 0xE0040FCC)
T63A0 000:653.618   [0][4]: E0040000 CID B105900D PID 000BBD21 DEVARCH 00000000 DEVTYPE 11 TPIU
T63A0 000:653.632   CPU_ReadMem(32 bytes @ 0xE00FFFE0)
T63A0 000:654.802   [0][5]: E00FF000 CID B105100D PID 000BB4C9 ROM Table
T63A0 000:654.814   ROMTbl[1] @ E00FF000
T63A0 000:654.817   CPU_ReadMem(64 bytes @ 0xE00FF000)
T63A0 000:656.564   CPU_ReadMem(32 bytes @ 0xE000EFE0)
T63A0 000:657.715   CPU_ReadMem(4 bytes @ 0xE000EFBC)
T63A0 000:658.498   CPU_ReadMem(4 bytes @ 0xE000EFCC)
T63A0 000:659.256   [1][0]: E000E000 CID B105900D PID 000BBD21 DEVARCH 47702A04 DEVTYPE 00 Cortex-M33
T63A0 000:659.262   CPU_ReadMem(32 bytes @ 0xE0001FE0)
T63A0 000:660.475   CPU_ReadMem(4 bytes @ 0xE0001FBC)
T63A0 000:661.404   CPU_ReadMem(4 bytes @ 0xE0001FCC)
T63A0 000:662.164   [1][1]: E0001000 CID B105900D PID 000BBD21 DEVARCH 47701A02 DEVTYPE 00 DWT
T63A0 000:662.188   CPU_ReadMem(32 bytes @ 0xE0002FE0)
T63A0 000:663.365   CPU_ReadMem(4 bytes @ 0xE0002FBC)
T63A0 000:664.133   CPU_ReadMem(4 bytes @ 0xE0002FCC)
T63A0 000:664.840   [1][2]: E0002000 CID B105900D PID 000BBD21 DEVARCH 47701A03 DEVTYPE 00 FPB
T63A0 000:664.844   CPU_ReadMem(32 bytes @ 0xE0000FE0)
T63A0 000:665.976   CPU_ReadMem(4 bytes @ 0xE0000FBC)
T63A0 000:666.801   CPU_ReadMem(4 bytes @ 0xE0000FCC)
T63A0 000:667.569   [1][3]: E0000000 CID B105900D PID 000BBD21 DEVARCH 47701A01 DEVTYPE 43 ITM
T63A0 000:667.572   CPU_ReadMem(32 bytes @ 0xE0041FE0)
T63A0 000:668.618   CPU_ReadMem(4 bytes @ 0xE0041FBC)
T63A0 000:669.400   CPU_ReadMem(4 bytes @ 0xE0041FCC)
T63A0 000:670.223   [1][5]: E0041000 CID B105900D PID 002BBD21 DEVARCH 47724A13 DEVTYPE 13 ETM
T63A0 000:670.229   CPU_ReadMem(32 bytes @ 0xE0042FE0)
T63A0 000:671.332   CPU_ReadMem(4 bytes @ 0xE0042FBC)
T63A0 000:672.118   CPU_ReadMem(4 bytes @ 0xE0042FCC)
T63A0 000:672.846   [1][6]: E0042000 CID B105900D PID 000BBD21 DEVARCH 47701A14 DEVTYPE 14 CSS600-CTI
T63A0 000:672.892   CPU_ReadMem(4 bytes @ 0xE000EDF0)
T63A0 000:673.584   Data:  03 00 13 00
T63A0 000:673.591   Debug reg: DHCSR
T63A0 000:673.595 - 73.890ms returns 0
T63A0 000:673.611 JLINK_ReadMem(0x400E002C, 0x4 Bytes, ...)
T63A0 000:673.623   CPU_ReadMem(4 bytes @ 0x400E002C)
T63A0 000:674.415   Data:  02 00 00 00
T63A0 000:674.421 - 0.810ms returns 0
T63A0 000:674.445 JLINK_ReadMem(0xE000EDF0, 0x4 Bytes, ...)
T63A0 000:674.450   CPU_ReadMem(4 bytes @ 0xE000EDF0)
T63A0 000:675.296   Data:  03 00 13 00
T63A0 000:675.306   Debug reg: DHCSR
T63A0 000:675.310 - 0.865ms returns 0
T63A0 000:675.347 JLINK_ReadMem(0xE000EDF0, 0x4 Bytes, ...)
T63A0 000:675.354   CPU_ReadMem(4 bytes @ 0xE000EDF0)
T63A0 000:676.030   Data:  03 00 13 00
T63A0 000:676.036   Debug reg: DHCSR
T63A0 000:676.040 - 0.692ms returns 0
T63A0 000:676.044 JLINK_ReadMem(0x400E001C, 0x4 Bytes, ...)
T63A0 000:676.049   CPU_ReadMem(4 bytes @ 0x400E001C)
T63A0 000:676.726   Data:  00 98 00 00
T63A0 000:676.732 - 0.687ms returns 0
T63A0 000:676.741 JLINK_ReadMem(0xE000EDF0, 0x4 Bytes, ...)
T63A0 000:676.746   CPU_ReadMem(4 bytes @ 0xE000EDF0)
T63A0 000:677.484   Data:  03 00 13 00
T63A0 000:677.490   Debug reg: DHCSR
T63A0 000:677.493 - 0.751ms returns 0
T63A0 000:677.498 JLINK_ReadMem(0x400E0018, 0x4 Bytes, ...)
T63A0 000:677.502   CPU_ReadMem(4 bytes @ 0x400E0018)
T63A0 000:678.239   Data:  00 00 01 00
T63A0 000:678.242 - 0.744ms returns 0
T63A0 000:678.252 JLINK_ReadMem(0xE000EDF0, 0x4 Bytes, ...)
T63A0 000:678.255   CPU_ReadMem(4 bytes @ 0xE000EDF0)
T63A0 000:678.911   Data:  03 00 13 00
T63A0 000:678.914   Debug reg: DHCSR
T63A0 000:678.917 - 0.665ms returns 0
T63A0 000:678.921 JLINK_ReadMem(0x400E0020, 0x4 Bytes, ...)
T63A0 000:678.924   CPU_ReadMem(4 bytes @ 0x400E0020)
T63A0 000:679.694   Data:  00 00 00 00
T63A0 000:679.700 - 0.778ms returns 0
T63A0 000:679.706 JLINK_ReadMem(0xE000EDF0, 0x4 Bytes, ...)
T63A0 000:679.710   CPU_ReadMem(4 bytes @ 0xE000EDF0)
T63A0 000:680.509   Data:  03 00 13 00
T63A0 000:680.513   Debug reg: DHCSR
T63A0 000:680.516 - 0.809ms returns 0
T63A0 000:680.519 JLINK_ReadMem(0x400E0028, 0x4 Bytes, ...)
T63A0 000:680.522   CPU_ReadMem(4 bytes @ 0x400E0028)
T63A0 000:681.305   Data:  00 20 00 00
T63A0 000:681.312 - 0.792ms returns 0
T63A0 000:681.319 JLINK_ReadMem(0xE000EDF0, 0x4 Bytes, ...)
T63A0 000:681.324   CPU_ReadMem(4 bytes @ 0xE000EDF0)
T63A0 000:682.113   Data:  03 00 13 00
T63A0 000:682.121   Debug reg: DHCSR
T63A0 000:682.124 - 0.805ms returns 0
T63A0 000:682.127 JLINK_ReadMem(0x400E0024, 0x4 Bytes, ...)
T63A0 000:682.130   CPU_ReadMem(4 bytes @ 0x400E0024)
T63A0 000:682.971   Data:  00 20 00 00
T63A0 000:682.978 - 0.850ms returns 0
T63A0 000:682.985 JLINK_ReadMem(0xE000EDF0, 0x4 Bytes, ...)
T63A0 000:682.991   CPU_ReadMem(4 bytes @ 0xE000EDF0)
T63A0 000:683.802   Data:  03 00 13 00
T63A0 000:683.809   Debug reg: DHCSR
T63A0 000:683.814 - 0.829ms returns 0
T63A0 000:683.820 JLINK_ReadMem(0x400E002C, 0x4 Bytes, ...)
T63A0 000:683.829   CPU_ReadMem(4 bytes @ 0x400E002C)
T63A0 000:684.648   Data:  02 00 00 00
T63A0 000:684.658 - 0.838ms returns 0
T63A0 000:684.665 JLINK_ReadMem(0xE000EDF0, 0x4 Bytes, ...)
T63A0 000:684.671   CPU_ReadMem(4 bytes @ 0xE000EDF0)
T63A0 000:685.459   Data:  03 00 13 00
T63A0 000:685.465   Debug reg: DHCSR
T63A0 000:685.471 - 0.806ms returns 0
T63A0 000:685.477 JLINK_ReadMem(0x400E002C, 0x4 Bytes, ...)
T63A0 000:685.482   CPU_ReadMem(4 bytes @ 0x400E002C)
T63A0 000:686.309   Data:  02 00 00 00
T63A0 000:686.315 - 0.838ms returns 0
T63A0 000:688.410 JLINK_Close()
T63A0 000:716.516 - 28.104ms
T63A0 000:716.540   
T63A0 000:716.542   Closed
