T3F0C 000:000.284   SEGGER J-Link V8.12c Log File
T3F0C 000:000.357   DLL Compiled: Jan 22 2025 12:55:59
T3F0C 000:000.360   Logging started @ 2025-04-06 13:18
T3F0C 000:000.362   Process: C:\Users\uYanki\.eclipse\com.renesas.platform_1435879475\DebugComp\RA\e2-server-gdb.exe
T3F0C 000:000.367 - 0.364ms 
T3F0C 000:000.374 JLINK_GetDLLVersion()
T3F0C 000:000.377 - 0.003ms returns 81203
T3F0C 000:002.520 JLINK_OpenEx(...)
T3F0C 000:010.970   Firmware: J-Link OB-S124 compiled Jan 17 2022 10:30:42
T3F0C 000:012.430   Firmware: J-Link OB-S124 compiled Jan 17 2022 10:30:42
T3F0C 000:012.989   Looking for J-Link GUI Server exe at: C:\Users\uYanki\.eclipse\com.renesas.platform_1435879475\DebugComp\RA\ARM\Segger_v8.12.3\JLinkGUIServer.exe
T3F0C 000:013.028   Looking for J-Link GUI Server exe at: C:\Program Files\SEGGER\JLink_V812a\JLinkGUIServer.exe
T3F0C 000:013.036   Forking J-Link GUI Server: C:\Program Files\SEGGER\JLink_V812a\JLinkGUIServer.exe
T3F0C 000:046.175   J-Link GUI Server info: "J-Link GUI server V8.12a "
T3F0C 000:540.604   Hardware: V1.00
T3F0C 000:540.620   S/N: 831004110
T3F0C 000:540.624   OEM: SEGGER
T3F0C 000:540.627   Feature(s): None
T3F0C 000:541.128   Bootloader: (FW returned invalid version)
T3F0C 000:542.866   TELNET listener socket opened on port 19021
T3F0C 000:542.951   WEBSRV WEBSRV_Init(): Starting webserver thread(s)
T3F0C 000:543.018   WEBSRV Webserver running on local port 19080
T3F0C 000:543.079   Looking for J-Link GUI Server exe at: C:\Users\uYanki\.eclipse\com.renesas.platform_1435879475\DebugComp\RA\ARM\Segger_v8.12.3\JLinkGUIServer.exe
T3F0C 000:543.103   Looking for J-Link GUI Server exe at: C:\Program Files\SEGGER\JLink_V812a\JLinkGUIServer.exe
T3F0C 000:543.111   Forking J-Link GUI Server: C:\Program Files\SEGGER\JLink_V812a\JLinkGUIServer.exe
T3F0C 000:544.099   J-Link GUI Server info: "J-Link GUI server V8.12a "
T3F0C 000:544.463 - 541.938ms returns "O.K."
T3F0C 000:544.530 JLINK_ExecCommand("ProjectFile=F:\emkit\renesas\2_software\R7FA6M4A\e2studio\drivers\usbd_hid_keyboard/usbd_hid_keyboard Debug_Flat.jlink", ...). 
T3F0C 000:563.332 - 18.803ms returns 0x00
T3F0C 000:563.587 JLINK_ExecCommand("device=R7FA6M4AF", ...). 
T3F0C 000:564.552   Flash bank @ 0x0100A100: SFL: Parsing sectorization info from ELF file
T3F0C 000:564.569     FlashDevice.SectorInfo[0]: .SectorSize = 0x00000010, .SectorStartAddr = 0x00000000
T3F0C 000:564.575   FlashBank @0x0100A100: Sectorization info from SFL ELF file ignored because sectorization override from DLL / XML file is active.
T3F0C 000:564.963   Flash bank @ 0x60000000: SFL: Parsing sectorization info from ELF file
T3F0C 000:564.972     FlashDevice.SectorInfo[0]: .SectorSize = 0x00010000, .SectorStartAddr = 0x00000000
T3F0C 000:567.922   Device "R7FA6M4AF" selected.
T3F0C 000:568.058 - 4.464ms returns 0x00
T3F0C 000:568.067 JLINK_TIF_GetAvailable(...)
T3F0C 000:571.438 - 3.370ms 
T3F0C 000:571.446 JLINK_TIF_Select(JLINKARM_TIF_SWD)
T3F0C 000:574.723 - 3.276ms returns 0x00
T3F0C 000:574.740 JLINK_SetSpeed(4000)
T3F0C 000:575.069 - 0.330ms 
T3F0C 000:575.101 JLINK_ReadMem(0xE000EDF0, 0x4 Bytes, ...)
T3F0C 000:575.607   ConfigTargetSettings() start
T3F0C 000:575.615    J-Link Script File: Executing ConfigTargetSettings()
T3F0C 000:575.622   Configuring FlashDLNoRMWThreshold=0x200 in order to make sure that option bytes programming is done via read-modify-write
T3F0C 000:578.570   ConfigTargetSettings() end - Took 2.95ms
T3F0C 000:578.577   InitTarget() start
T3F0C 000:578.580    J-Link Script File: Executing InitTarget()
T3F0C 000:578.584   SWD selected. Executing JTAG -> SWD switching sequence.
T3F0C 000:583.354   DAP initialized successfully.
T3F0C 000:583.397   Determining TrustZone configuration...
T3F0C 000:586.230     Secure Debug: Enabled (SSD)
T3F0C 000:586.251   Determining currently configured transfer type by reading the AHB-AP CSW register.
T3F0C 000:588.441     --> Correct transfer type configured. Done.
T3F0C 000:588.464   InitTarget() end - Took 9.88ms
T3F0C 000:589.847   Found SW-DP with ID 0x6BA02477
T3F0C 000:594.743   DPIDR: 0x6BA02477
T3F0C 000:594.759   CoreSight SoC-400 or earlier
T3F0C 000:594.762   Scanning AP map to find all available APs
T3F0C 000:597.141   AP[2]: Stopped AP scan as end of AP map has been reached
T3F0C 000:597.153   AP[0]: AHB-AP (IDR: 0x84770001, ADDR: 0x00000000)
T3F0C 000:597.157   AP[1]: APB-AP (IDR: 0x54770002, ADDR: 0x01000000)
T3F0C 000:597.160   Iterating through AP map to find AHB-AP to use
T3F0C 000:599.133   AP[0]: Core found
T3F0C 000:599.154   AP[0]: AHB-AP ROM base: 0xE00FE000
T3F0C 000:600.272   CPUID register: 0x410FD214. Implementer code: 0x41 (ARM)
T3F0C 000:600.275   Feature set: Mainline
T3F0C 000:601.248   Cache: No cache
T3F0C 000:601.268   Found Cortex-M33 r0p4, Little endian.
T3F0C 000:602.208   -- Max. mem block: 0x000019E0
T3F0C 000:604.032   
  ***** Warning: 
T3F0C 000:604.041   Cortex-M (ARMv8-M and later): The connected J-Link (S/N 831004110) uses an old firmware module that does not handle I/D-cache correctly. Proper debugging functionality cannot be guaranteed if cache is enabled
T3F0C 000:604.054   CPU_ReadMem(4 bytes @ 0xE000EDF0)
T3F0C 000:604.869   CPU_ReadMem(4 bytes @ 0xE0002000)
T3F0C 000:605.630   FPUnit: 8 code (BP) slots and 0 literal slots
T3F0C 000:605.638   CPU_ReadMem(4 bytes @ 0xE000EDFC)
T3F0C 000:606.546   CPU_ReadMem(4 bytes @ 0xE0001000)
T3F0C 000:607.449   CPU_ReadMem(4 bytes @ 0xE0001000)
T3F0C 000:608.254   CPU_ReadMem(4 bytes @ 0xE0001028)
T3F0C 000:609.060   CPU_ReadMem(4 bytes @ 0xE0001038)
T3F0C 000:609.863   CPU_ReadMem(4 bytes @ 0xE0001048)
T3F0C 000:610.623   CPU_ReadMem(4 bytes @ 0xE0001058)
T3F0C 000:611.363   CPU_WriteMem(4 bytes @ 0xE0001000)
T3F0C 000:612.172   CPU_ReadMem(4 bytes @ 0xE000ED88)
T3F0C 000:612.969   CPU_WriteMem(4 bytes @ 0xE000ED88)
T3F0C 000:613.722   CPU_ReadMem(4 bytes @ 0xE000ED88)
T3F0C 000:614.536   CPU_WriteMem(4 bytes @ 0xE000ED88)
T3F0C 000:615.369   CPU_ReadMem(4 bytes @ 0xE000EFB8)
T3F0C 000:616.140   Security extension: implemented
T3F0C 000:616.154   Secure debug: enabled
T3F0C 000:616.157   CoreSight components:
T3F0C 000:616.160   ROMTbl[0] @ E00FE000
T3F0C 000:616.164   CPU_ReadMem(64 bytes @ 0xE00FE000)
T3F0C 000:617.659   CPU_ReadMem(32 bytes @ 0xE0044FE0)
T3F0C 000:618.737   CPU_ReadMem(4 bytes @ 0xE0044FBC)
T3F0C 000:619.406   CPU_ReadMem(4 bytes @ 0xE0044FCC)
T3F0C 000:620.213   [0][0]: E0044000 CID B105900D PID 005BB906 DEVARCH 00000000 DEVTYPE 14 CTI (?)
T3F0C 000:620.218   CPU_ReadMem(32 bytes @ 0xE0047FE0)
T3F0C 000:621.304   CPU_ReadMem(4 bytes @ 0xE0047FBC)
T3F0C 000:622.183   CPU_ReadMem(4 bytes @ 0xE0047FCC)
T3F0C 000:622.907   [0][1]: E0047000 CID B105900D PID 003BB908 DEVARCH 00000000 DEVTYPE 12 CSTF
T3F0C 000:622.917   CPU_ReadMem(32 bytes @ 0xE0048FE0)
T3F0C 000:624.177   CPU_ReadMem(4 bytes @ 0xE0048FBC)
T3F0C 000:625.122   CPU_ReadMem(4 bytes @ 0xE0048FCC)
T3F0C 000:625.826   [0][2]: E0048000 CID B105900D PID 001BB961 DEVARCH 00000000 DEVTYPE 21 TMC
T3F0C 000:625.846   CPU_ReadMem(32 bytes @ 0xE0049FE0)
T3F0C 000:626.913   [0][3]: E0049000 CID B105F00D PID 001BB101 TSG
T3F0C 000:626.916   CPU_ReadMem(32 bytes @ 0xE0040FE0)
T3F0C 000:628.013   CPU_ReadMem(4 bytes @ 0xE0040FBC)
T3F0C 000:628.785   CPU_ReadMem(4 bytes @ 0xE0040FCC)
T3F0C 000:629.549   [0][4]: E0040000 CID B105900D PID 000BBD21 DEVARCH 00000000 DEVTYPE 11 TPIU
T3F0C 000:629.553   CPU_ReadMem(32 bytes @ 0xE00FFFE0)
T3F0C 000:630.598   [0][5]: E00FF000 CID B105100D PID 000BB4C9 ROM Table
T3F0C 000:630.601   ROMTbl[1] @ E00FF000
T3F0C 000:630.605   CPU_ReadMem(64 bytes @ 0xE00FF000)
T3F0C 000:632.166   CPU_ReadMem(32 bytes @ 0xE000EFE0)
T3F0C 000:633.233   CPU_ReadMem(4 bytes @ 0xE000EFBC)
T3F0C 000:633.932   CPU_ReadMem(4 bytes @ 0xE000EFCC)
T3F0C 000:634.728   [1][0]: E000E000 CID B105900D PID 000BBD21 DEVARCH 47702A04 DEVTYPE 00 Cortex-M33
T3F0C 000:634.734   CPU_ReadMem(32 bytes @ 0xE0001FE0)
T3F0C 000:635.825   CPU_ReadMem(4 bytes @ 0xE0001FBC)
T3F0C 000:636.654   CPU_ReadMem(4 bytes @ 0xE0001FCC)
T3F0C 000:637.379   [1][1]: E0001000 CID B105900D PID 000BBD21 DEVARCH 47701A02 DEVTYPE 00 DWT
T3F0C 000:637.391   CPU_ReadMem(32 bytes @ 0xE0002FE0)
T3F0C 000:638.467   CPU_ReadMem(4 bytes @ 0xE0002FBC)
T3F0C 000:639.234   CPU_ReadMem(4 bytes @ 0xE0002FCC)
T3F0C 000:639.906   [1][2]: E0002000 CID B105900D PID 000BBD21 DEVARCH 47701A03 DEVTYPE 00 FPB
T3F0C 000:639.916   CPU_ReadMem(32 bytes @ 0xE0000FE0)
T3F0C 000:640.987   CPU_ReadMem(4 bytes @ 0xE0000FBC)
T3F0C 000:641.759   CPU_ReadMem(4 bytes @ 0xE0000FCC)
T3F0C 000:642.674   [1][3]: E0000000 CID B105900D PID 000BBD21 DEVARCH 47701A01 DEVTYPE 43 ITM
T3F0C 000:642.679   CPU_ReadMem(32 bytes @ 0xE0041FE0)
T3F0C 000:643.780   CPU_ReadMem(4 bytes @ 0xE0041FBC)
T3F0C 000:644.593   CPU_ReadMem(4 bytes @ 0xE0041FCC)
T3F0C 000:645.308   [1][5]: E0041000 CID B105900D PID 002BBD21 DEVARCH 47724A13 DEVTYPE 13 ETM
T3F0C 000:645.312   CPU_ReadMem(32 bytes @ 0xE0042FE0)
T3F0C 000:646.450   CPU_ReadMem(4 bytes @ 0xE0042FBC)
T3F0C 000:647.246   CPU_ReadMem(4 bytes @ 0xE0042FCC)
T3F0C 000:648.110   [1][6]: E0042000 CID B105900D PID 000BBD21 DEVARCH 47701A14 DEVTYPE 14 CSS600-CTI
T3F0C 000:648.159   CPU_ReadMem(4 bytes @ 0xE000EDF0)
T3F0C 000:648.887   Data:  03 00 13 00
T3F0C 000:648.891   Debug reg: DHCSR
T3F0C 000:648.895 - 73.793ms returns 0
T3F0C 000:648.932 JLINK_ReadMem(0x400E002C, 0x4 Bytes, ...)
T3F0C 000:648.936   CPU_ReadMem(4 bytes @ 0x400E002C)
T3F0C 000:649.666   Data:  02 00 00 00
T3F0C 000:649.670 - 0.737ms returns 0
T3F0C 000:649.689 JLINK_ReadMem(0xE000EDF0, 0x4 Bytes, ...)
T3F0C 000:649.692   CPU_ReadMem(4 bytes @ 0xE000EDF0)
T3F0C 000:650.416   Data:  03 00 13 00
T3F0C 000:650.419   Debug reg: DHCSR
T3F0C 000:650.422 - 0.733ms returns 0
T3F0C 000:650.439 JLINK_ReadMem(0xE000EDF0, 0x4 Bytes, ...)
T3F0C 000:650.442   CPU_ReadMem(4 bytes @ 0xE000EDF0)
T3F0C 000:651.217   Data:  03 00 13 00
T3F0C 000:651.223   Debug reg: DHCSR
T3F0C 000:651.227 - 0.787ms returns 0
T3F0C 000:651.232 JLINK_ReadMem(0x400E001C, 0x4 Bytes, ...)
T3F0C 000:651.236   CPU_ReadMem(4 bytes @ 0x400E001C)
T3F0C 000:651.933   Data:  00 98 00 00
T3F0C 000:651.937 - 0.705ms returns 0
T3F0C 000:651.942 JLINK_ReadMem(0xE000EDF0, 0x4 Bytes, ...)
T3F0C 000:651.945   CPU_ReadMem(4 bytes @ 0xE000EDF0)
T3F0C 000:652.630   Data:  03 00 13 00
T3F0C 000:652.634   Debug reg: DHCSR
T3F0C 000:652.638 - 0.695ms returns 0
T3F0C 000:652.641 JLINK_ReadMem(0x400E0018, 0x4 Bytes, ...)
T3F0C 000:652.645   CPU_ReadMem(4 bytes @ 0x400E0018)
T3F0C 000:653.396   Data:  00 00 01 00
T3F0C 000:653.418 - 0.776ms returns 0
T3F0C 000:653.442 JLINK_ReadMem(0xE000EDF0, 0x4 Bytes, ...)
T3F0C 000:653.449   CPU_ReadMem(4 bytes @ 0xE000EDF0)
T3F0C 000:654.285   Data:  03 00 13 00
T3F0C 000:654.290   Debug reg: DHCSR
T3F0C 000:654.293 - 0.851ms returns 0
T3F0C 000:654.302 JLINK_ReadMem(0x400E0020, 0x4 Bytes, ...)
T3F0C 000:654.306   CPU_ReadMem(4 bytes @ 0x400E0020)
T3F0C 000:654.974   Data:  00 00 00 00
T3F0C 000:654.981 - 0.679ms returns 0
T3F0C 000:654.990 JLINK_ReadMem(0xE000EDF0, 0x4 Bytes, ...)
T3F0C 000:654.995   CPU_ReadMem(4 bytes @ 0xE000EDF0)
T3F0C 000:655.798   Data:  03 00 13 00
T3F0C 000:655.806   Debug reg: DHCSR
T3F0C 000:655.810 - 0.820ms returns 0
T3F0C 000:655.816 JLINK_ReadMem(0x400E0028, 0x4 Bytes, ...)
T3F0C 000:655.822   CPU_ReadMem(4 bytes @ 0x400E0028)
T3F0C 000:656.672   Data:  00 20 00 00
T3F0C 000:656.681 - 0.864ms returns 0
T3F0C 000:656.693 JLINK_ReadMem(0xE000EDF0, 0x4 Bytes, ...)
T3F0C 000:656.699   CPU_ReadMem(4 bytes @ 0xE000EDF0)
T3F0C 000:657.467   Data:  03 00 13 00
T3F0C 000:657.474   Debug reg: DHCSR
T3F0C 000:657.478 - 0.785ms returns 0
T3F0C 000:657.483 JLINK_ReadMem(0x400E0024, 0x4 Bytes, ...)
T3F0C 000:657.487   CPU_ReadMem(4 bytes @ 0x400E0024)
T3F0C 000:658.296   Data:  00 20 00 00
T3F0C 000:658.304 - 0.821ms returns 0
T3F0C 000:658.317 JLINK_ReadMem(0xE000EDF0, 0x4 Bytes, ...)
T3F0C 000:658.322   CPU_ReadMem(4 bytes @ 0xE000EDF0)
T3F0C 000:659.167   Data:  03 00 13 00
T3F0C 000:659.173   Debug reg: DHCSR
T3F0C 000:659.176 - 0.859ms returns 0
T3F0C 000:659.179 JLINK_ReadMem(0x400E002C, 0x4 Bytes, ...)
T3F0C 000:659.189   CPU_ReadMem(4 bytes @ 0x400E002C)
T3F0C 000:659.839   Data:  02 00 00 00
T3F0C 000:659.845 - 0.665ms returns 0
T3F0C 000:659.850 JLINK_ReadMem(0xE000EDF0, 0x4 Bytes, ...)
T3F0C 000:659.854   CPU_ReadMem(4 bytes @ 0xE000EDF0)
T3F0C 000:660.689   Data:  03 00 13 00
T3F0C 000:660.710   Debug reg: DHCSR
T3F0C 000:660.714 - 0.863ms returns 0
T3F0C 000:660.721 JLINK_ReadMem(0x400E002C, 0x4 Bytes, ...)
T3F0C 000:660.730   CPU_ReadMem(4 bytes @ 0x400E002C)
T3F0C 000:661.584   Data:  02 00 00 00
T3F0C 000:661.589 - 0.867ms returns 0
T3F0C 000:670.737 JLINK_Close()
T3F0C 000:693.881 - 23.143ms
T3F0C 000:693.898   
T3F0C 000:693.900   Closed
