<html>
<body>
<pre>
<h1>µVision Build Log</h1>
<h2>Tool Versions:</h2>
IDE-Version: ¦ÌVision V5.35.0.0
Copyright (C) 2021 ARM Ltd and ARM Germany GmbH. All rights reserved.
License Information:  ,  , LIC=FQQMA-19LUL-MSWYP-M5F2T-A9NMZ-12GW5
 
Tool Versions:
Toolchain:       MDK-ARM Professional  Version: 5.35.0.2
Toolchain Path:  C:\Keil_v5\ARM\ARMCLANG\Bin
C Compiler:      ArmClang.exe V6.16
Assembler:       Armasm.exe V6.16
Linker/Locator:  ArmLink.exe V6.16
Library Manager: ArmAr.exe V6.16
Hex Converter:   FromElf.exe V6.16
CPU DLL:         SARMCM3.DLL V5.35.0.2
Dialog DLL:      DCM.DLL V1.17.3.0
Target DLL:      CMSIS_AGDI.dll V1.33.0.0
Dialog DLL:      TCM.DLL V1.53.0.0
 
<h2>Project:</h2>
F:\app_usb\sdk\mcu\targets\stm32h750xbh6\cherryusb\usbh\MDK-ARM\demo.uvprojx
Project File Date:  02/11/2025

<h2>Output:</h2>
*** Using Compiler 'V6.16', folder: 'C:\Keil_v5\ARM\ARMCLANG\Bin'
Build target 'demo'
assembling startup_stm32h750xx.s...
../Core/Src/stm32h7xx_it.c(181): warning: implicit declaration of function 'USBH_IRQHandler' is invalid in C99 [-Wimplicit-function-declaration]
  USBH_IRQHandler(0);
  ^
1 warning generated.
compiling stm32h7xx_it.c...
../Core/Src/main.c(106): warning: implicit declaration of function 'usbh_initialize' is invalid in C99 [-Wimplicit-function-declaration]
    usbh_initialize(0, USB_OTG_HS_PERIPH_BASE);
    ^
../Core/Src/main.c(107): warning: implicit declaration of function 'vTaskStartScheduler' is invalid in C99 [-Wimplicit-function-declaration]
    vTaskStartScheduler();
    ^
2 warnings generated.
compiling main.c...
linking...
Program Size: Code=43360 RO-data=3764 RW-data=24 ZI-data=81128  
FromELF: creating hex file...
".\demo\demo.axf" - 0 Error(s), 3 Warning(s).

<h2>Software Packages used:</h2>

Package Vendor: ARM
                http://www.keil.com/pack/ARM.CMSIS.5.8.0.pack
                ARM.CMSIS.5.8.0
                CMSIS (Common Microcontroller Software Interface Standard)
   * Component: CORE Version: 5.5.0

Package Vendor: Keil
                http://www.keil.com/pack/Keil.STM32H7xx_DFP.2.8.0.pack
                Keil.STM32H7xx_DFP.2.8.0
                STMicroelectronics STM32H7 Series Device Support and Examples

<h2>Collection of Component include folders:</h2>
  .\RTE\_demo
  C:\Users\uYanki\AppData\Local\Arm\Packs\ARM\CMSIS\5.8.0\CMSIS\Core\Include
  C:\Users\uYanki\AppData\Local\Arm\Packs\Keil\STM32H7xx_DFP\2.8.0\Drivers\CMSIS\Device\ST\STM32H7xx\Include

<h2>Collection of Component Files used:</h2>

   * Component: ARM::CMSIS:CORE:5.5.0
Build Time Elapsed:  00:00:01
</pre>
</body>
</html>
