<html>
<body>
<pre>
<h1>µVision Build Log</h1>
<h2>Tool Versions:</h2>
IDE-Version: ¦ÌVision V5.35.0.0
Copyright (C) 2021 ARM Ltd and ARM Germany GmbH. All rights reserved.
License Information:  ,  , LIC=FQQMA-19LUL-MSWYP-M5F2T-A9NMZ-12GW5
 
Tool Versions:
Toolchain:       MDK-ARM Professional  Version: 5.35.0.2
Toolchain Path:  C:\Keil_v5\ARM\ARMCLANG\Bin
C Compiler:      ArmClang.exe V6.16
Assembler:       Armasm.exe V6.16
Linker/Locator:  ArmLink.exe V6.16
Library Manager: ArmAr.exe V6.16
Hex Converter:   FromElf.exe V6.16
CPU DLL:         SARMCM3.DLL V5.35.0.2
Dialog DLL:      DCM.DLL V1.17.3.0
Target DLL:      CMSIS_AGDI.dll V1.33.0.0
Dialog DLL:      TCM.DLL V1.53.0.0
 
<h2>Project:</h2>
F:\app_usb\sdk\mcu\targets\stm32h750xbh6\cherryusb\usbd_cdc_acm\MDK-ARM\demo.uvprojx
Project File Date:  02/11/2025

<h2>Output:</h2>
*** Using Compiler 'V6.16', folder: 'C:\Keil_v5\ARM\ARMCLANG\Bin'
Build target 'demo'
compiling stm32h7xx_hal_hsem.c...
assembling startup_stm32h750xx.s...
compiling stm32h7xx_hal_flash.c...
compiling stm32h7xx_it.c...
compiling stm32h7xx_hal_gpio.c...
compiling stm32h7xx_hal_msp.c...
compiling main.c...
compiling stm32h7xx_hal_cortex.c...
compiling stm32h7xx_hal_flash_ex.c...
compiling stm32h7xx_hal_rcc.c...
compiling stm32h7xx_hal_rcc_ex.c...
compiling stm32h7xx_hal_dma_ex.c...
compiling stm32h7xx_hal_mdma.c...
compiling stm32h7xx_hal_pwr.c...
compiling stm32h7xx_hal_tim.c...
compiling stm32h7xx_hal_i2c_ex.c...
compiling stm32h7xx_hal_tim_ex.c...
compiling stm32h7xx_hal_exti.c...
compiling stm32h7xx_hal.c...
compiling stm32h7xx_hal_pwr_ex.c...
compiling stm32h7xx_hal_dma.c...
compiling stm32h7xx_hal_uart_ex.c...
compiling stm32h7xx_hal_pcd_ex.c...
compiling usb_glue_st.c...
../../../../../middlewares/cherryusb/class/cdc/usbd_cdc_acm.c(6): warning: In file included from...
../../../../../middlewares/cherryusb/core\usbd_core.h(23): warning: In file included from...
../../../../../middlewares/cherryusb/common\usb_log.h(94): warning: format specifies type 'unsigned long' but the argument has type 'uint32_t' (aka 'unsigned int') [-Wformat]
        CONFIG_USB_PRINTF("%08lx:", i);
                           ~~~~~    ^
                           %08x
../Core/Inc\usb_config.h(11): note: expanded from macro 'CONFIG_USB_PRINTF'
#define CONFIG_USB_PRINTF(...) printf(__VA_ARGS__)
                                      ^~~~~~~~~~~
1 warning generated.
compiling usbd_cdc_acm.c...
compiling stm32h7xx_hal_pcd.c...
compiling system_stm32h7xx.c...
compiling stm32h7xx_hal_uart.c...
../../../../../middlewares/cherryusb/demo/cdc_acm_template.c(6): warning: In file included from...
../../../../../middlewares/cherryusb/core\usbd_core.h(23): warning: In file included from...
../../../../../middlewares/cherryusb/common\usb_log.h(94): warning: format specifies type 'unsigned long' but the argument has type 'uint32_t' (aka 'unsigned int') [-Wformat]
        CONFIG_USB_PRINTF("%08lx:", i);
                           ~~~~~    ^
                           %08x
../Core/Inc\usb_config.h(11): note: expanded from macro 'CONFIG_USB_PRINTF'
#define CONFIG_USB_PRINTF(...) printf(__VA_ARGS__)
                                      ^~~~~~~~~~~
1 warning generated.
compiling cdc_acm_template.c...
compiling stm32h7xx_hal_i2c.c...
../../../../../middlewares/cherryusb/port/dwc2/usb_dc_dwc2.c(6): warning: In file included from...
../../../../../middlewares/cherryusb/core\usbd_core.h(23): warning: In file included from...
../../../../../middlewares/cherryusb/common\usb_log.h(94): warning: format specifies type 'unsigned long' but the argument has type 'uint32_t' (aka 'unsigned int') [-Wformat]
        CONFIG_USB_PRINTF("%08lx:", i);
                           ~~~~~    ^
                           %08x
../Core/Inc\usb_config.h(11): note: expanded from macro 'CONFIG_USB_PRINTF'
#define CONFIG_USB_PRINTF(...) printf(__VA_ARGS__)
                                      ^~~~~~~~~~~
1 warning generated.
compiling usb_dc_dwc2.c...
../../../../../middlewares/cherryusb/core/usbd_core.c(6): warning: In file included from...
../../../../../middlewares/cherryusb/core/usbd_core.h(23): warning: In file included from...
../../../../../middlewares/cherryusb/common\usb_log.h(94): warning: format specifies type 'unsigned long' but the argument has type 'uint32_t' (aka 'unsigned int') [-Wformat]
        CONFIG_USB_PRINTF("%08lx:", i);
                           ~~~~~    ^
                           %08x
../Core/Inc\usb_config.h(11): note: expanded from macro 'CONFIG_USB_PRINTF'
#define CONFIG_USB_PRINTF(...) printf(__VA_ARGS__)
                                      ^~~~~~~~~~~
1 warning generated.
compiling usbd_core.c...
compiling stm32h7xx_ll_usb.c...
linking...
Program Size: Code=24880 RO-data=1384 RW-data=4800 ZI-data=2536  
FromELF: creating hex file...
".\demo\demo.axf" - 0 Error(s), 4 Warning(s).

<h2>Software Packages used:</h2>

Package Vendor: ARM
                http://www.keil.com/pack/ARM.CMSIS.5.8.0.pack
                ARM.CMSIS.5.8.0
                CMSIS (Common Microcontroller Software Interface Standard)
   * Component: CORE Version: 5.5.0

Package Vendor: Keil
                http://www.keil.com/pack/Keil.STM32H7xx_DFP.2.8.0.pack
                Keil.STM32H7xx_DFP.2.8.0
                STMicroelectronics STM32H7 Series Device Support and Examples

<h2>Collection of Component include folders:</h2>
  .\RTE\_demo
  C:\Users\uYanki\AppData\Local\Arm\Packs\ARM\CMSIS\5.8.0\CMSIS\Core\Include
  C:\Users\uYanki\AppData\Local\Arm\Packs\Keil\STM32H7xx_DFP\2.8.0\Drivers\CMSIS\Device\ST\STM32H7xx\Include

<h2>Collection of Component Files used:</h2>

   * Component: ARM::CMSIS:CORE:5.5.0
Build Time Elapsed:  00:00:02
</pre>
</body>
</html>
