T67C4 000:000.346   SEGGER J-Link V8.12c Log File
T67C4 000:000.432   DLL Compiled: Jan 22 2025 12:55:59
T67C4 000:000.435   Logging started @ 2025-04-06 18:09
T67C4 000:000.438   Process: C:\Users\uYanki\.eclipse\com.renesas.platform_1435879475\DebugComp\RA\e2-server-gdb.exe
T67C4 000:000.443 - 0.440ms 
T67C4 000:000.450 JLINK_GetDLLVersion()
T67C4 000:000.453 - 0.003ms returns 81203
T67C4 000:002.877 JLINK_OpenEx(...)
T67C4 000:011.788   Firmware: J-Link OB-S124 compiled Jan 17 2022 10:30:42
T67C4 000:013.542   Firmware: J-Link OB-S124 compiled Jan 17 2022 10:30:42
T67C4 000:014.101   Looking for J-Link GUI Server exe at: C:\Users\uYanki\.eclipse\com.renesas.platform_1435879475\DebugComp\RA\ARM\Segger_v8.12.3\JLinkGUIServer.exe
T67C4 000:014.156   Looking for J-Link GUI Server exe at: C:\Program Files\SEGGER\JLink_V812a\JLinkGUIServer.exe
T67C4 000:014.164   Forking J-Link GUI Server: C:\Program Files\SEGGER\JLink_V812a\JLinkGUIServer.exe
T67C4 000:049.830   J-Link GUI Server info: "J-Link GUI server V8.12a "
T67C4 000:551.788   Hardware: V1.00
T67C4 000:551.821   S/N: 831004110
T67C4 000:551.827   OEM: SEGGER
T67C4 000:551.832   Feature(s): None
T67C4 000:552.421   Bootloader: (FW returned invalid version)
T67C4 000:554.048   TELNET listener socket opened on port 19021
T67C4 000:554.125   WEBSRV WEBSRV_Init(): Starting webserver thread(s)
T67C4 000:554.201   WEBSRV Webserver running on local port 19080
T67C4 000:554.323   Looking for J-Link GUI Server exe at: C:\Users\uYanki\.eclipse\com.renesas.platform_1435879475\DebugComp\RA\ARM\Segger_v8.12.3\JLinkGUIServer.exe
T67C4 000:554.370   Looking for J-Link GUI Server exe at: C:\Program Files\SEGGER\JLink_V812a\JLinkGUIServer.exe
T67C4 000:554.385   Forking J-Link GUI Server: C:\Program Files\SEGGER\JLink_V812a\JLinkGUIServer.exe
T67C4 000:555.459   J-Link GUI Server info: "J-Link GUI server V8.12a "
T67C4 000:555.786 - 552.905ms returns "O.K."
T67C4 000:555.851 JLINK_ExecCommand("ProjectFile=F:\emkit\renesas\2_software\R7FA6M4A\e2studio\drivers\uart_printf/uart_printf Debug_Flat.jlink", ...). 
T67C4 000:589.791 - 33.941ms returns 0x00
T67C4 000:590.048 JLINK_ExecCommand("device=R7FA6M4AF", ...). 
T67C4 000:590.912   Flash bank @ 0x0100A100: SFL: Parsing sectorization info from ELF file
T67C4 000:590.919     FlashDevice.SectorInfo[0]: .SectorSize = 0x00000010, .SectorStartAddr = 0x00000000
T67C4 000:590.923   FlashBank @0x0100A100: Sectorization info from SFL ELF file ignored because sectorization override from DLL / XML file is active.
T67C4 000:591.270   Flash bank @ 0x60000000: SFL: Parsing sectorization info from ELF file
T67C4 000:591.276     FlashDevice.SectorInfo[0]: .SectorSize = 0x00010000, .SectorStartAddr = 0x00000000
T67C4 000:594.352   Device "R7FA6M4AF" selected.
T67C4 000:594.482 - 4.427ms returns 0x00
T67C4 000:594.490 JLINK_TIF_GetAvailable(...)
T67C4 000:595.037 - 0.546ms 
T67C4 000:595.045 JLINK_TIF_Select(JLINKARM_TIF_SWD)
T67C4 000:596.633 - 1.588ms returns 0x00
T67C4 000:596.641 JLINK_SetSpeed(4000)
T67C4 000:596.895 - 0.254ms 
T67C4 000:596.907 JLINK_ReadMem(0xE000EDF0, 0x4 Bytes, ...)
T67C4 000:597.293   ConfigTargetSettings() start
T67C4 000:597.297    J-Link Script File: Executing ConfigTargetSettings()
T67C4 000:597.303   Configuring FlashDLNoRMWThreshold=0x200 in order to make sure that option bytes programming is done via read-modify-write
T67C4 000:599.581   ConfigTargetSettings() end - Took 2.28ms
T67C4 000:599.586   InitTarget() start
T67C4 000:599.590    J-Link Script File: Executing InitTarget()
T67C4 000:599.594   SWD selected. Executing JTAG -> SWD switching sequence.
T67C4 000:604.107   DAP initialized successfully.
T67C4 000:604.116   Determining TrustZone configuration...
T67C4 000:607.118     Secure Debug: Enabled (SSD)
T67C4 000:607.139   Determining currently configured transfer type by reading the AHB-AP CSW register.
T67C4 000:609.167     --> Correct transfer type configured. Done.
T67C4 000:609.181   InitTarget() end - Took 9.59ms
T67C4 000:610.545   Found SW-DP with ID 0x6BA02477
T67C4 000:615.254   DPIDR: 0x6BA02477
T67C4 000:615.293   CoreSight SoC-400 or earlier
T67C4 000:615.296   Scanning AP map to find all available APs
T67C4 000:617.721   AP[2]: Stopped AP scan as end of AP map has been reached
T67C4 000:617.738   AP[0]: AHB-AP (IDR: 0x84770001, ADDR: 0x00000000)
T67C4 000:617.741   AP[1]: APB-AP (IDR: 0x54770002, ADDR: 0x01000000)
T67C4 000:617.745   Iterating through AP map to find AHB-AP to use
T67C4 000:619.702   AP[0]: Core found
T67C4 000:619.710   AP[0]: AHB-AP ROM base: 0xE00FE000
T67C4 000:620.791   CPUID register: 0x410FD214. Implementer code: 0x41 (ARM)
T67C4 000:620.798   Feature set: Mainline
T67C4 000:621.791   Cache: No cache
T67C4 000:621.796   Found Cortex-M33 r0p4, Little endian.
T67C4 000:622.624   -- Max. mem block: 0x000019E0
T67C4 000:624.510   
  ***** Warning: 
T67C4 000:624.514   Cortex-M (ARMv8-M and later): The connected J-Link (S/N 831004110) uses an old firmware module that does not handle I/D-cache correctly. Proper debugging functionality cannot be guaranteed if cache is enabled
T67C4 000:624.523   CPU_ReadMem(4 bytes @ 0xE000EDF0)
T67C4 000:625.342   CPU_WriteMem(4 bytes @ 0xE000EDF0)
T67C4 000:626.111   CPU_ReadMem(4 bytes @ 0xE0002000)
T67C4 000:626.909   FPUnit: 8 code (BP) slots and 0 literal slots
T67C4 000:626.930   CPU_ReadMem(4 bytes @ 0xE000EDFC)
T67C4 000:627.784   CPU_WriteMem(4 bytes @ 0xE000EDFC)
T67C4 000:628.675   CPU_ReadMem(4 bytes @ 0xE0001000)
T67C4 000:629.536   CPU_ReadMem(4 bytes @ 0xE0001000)
T67C4 000:630.413   CPU_ReadMem(4 bytes @ 0xE0001028)
T67C4 000:631.250   CPU_ReadMem(4 bytes @ 0xE0001038)
T67C4 000:632.147   CPU_ReadMem(4 bytes @ 0xE0001048)
T67C4 000:632.945   CPU_ReadMem(4 bytes @ 0xE0001058)
T67C4 000:633.788   CPU_WriteMem(4 bytes @ 0xE0001000)
T67C4 000:634.698   CPU_ReadMem(4 bytes @ 0xE000ED88)
T67C4 000:635.488   CPU_WriteMem(4 bytes @ 0xE000ED88)
T67C4 000:636.371   CPU_ReadMem(4 bytes @ 0xE000ED88)
T67C4 000:637.095   CPU_WriteMem(4 bytes @ 0xE000ED88)
T67C4 000:637.855   CPU_ReadMem(4 bytes @ 0xE000EFB8)
T67C4 000:638.594   Security extension: implemented
T67C4 000:638.600   Secure debug: enabled
T67C4 000:638.604   CoreSight components:
T67C4 000:638.607   ROMTbl[0] @ E00FE000
T67C4 000:638.611   CPU_ReadMem(64 bytes @ 0xE00FE000)
T67C4 000:640.228   CPU_ReadMem(32 bytes @ 0xE0044FE0)
T67C4 000:641.435   CPU_ReadMem(4 bytes @ 0xE0044FBC)
T67C4 000:642.201   CPU_ReadMem(4 bytes @ 0xE0044FCC)
T67C4 000:642.976   [0][0]: E0044000 CID B105900D PID 005BB906 DEVARCH 00000000 DEVTYPE 14 CTI (?)
T67C4 000:642.980   CPU_ReadMem(32 bytes @ 0xE0047FE0)
T67C4 000:644.169   CPU_ReadMem(4 bytes @ 0xE0047FBC)
T67C4 000:644.993   CPU_ReadMem(4 bytes @ 0xE0047FCC)
T67C4 000:645.832   [0][1]: E0047000 CID B105900D PID 003BB908 DEVARCH 00000000 DEVTYPE 12 CSTF
T67C4 000:645.836   CPU_ReadMem(32 bytes @ 0xE0048FE0)
T67C4 000:646.960   CPU_ReadMem(4 bytes @ 0xE0048FBC)
T67C4 000:647.827   CPU_ReadMem(4 bytes @ 0xE0048FCC)
T67C4 000:648.634   [0][2]: E0048000 CID B105900D PID 001BB961 DEVARCH 00000000 DEVTYPE 21 TMC
T67C4 000:648.637   CPU_ReadMem(32 bytes @ 0xE0049FE0)
T67C4 000:649.791   [0][3]: E0049000 CID B105F00D PID 001BB101 TSG
T67C4 000:649.797   CPU_ReadMem(32 bytes @ 0xE0040FE0)
T67C4 000:650.980   CPU_ReadMem(4 bytes @ 0xE0040FBC)
T67C4 000:651.836   CPU_ReadMem(4 bytes @ 0xE0040FCC)
T67C4 000:652.741   [0][4]: E0040000 CID B105900D PID 000BBD21 DEVARCH 00000000 DEVTYPE 11 TPIU
T67C4 000:652.745   CPU_ReadMem(32 bytes @ 0xE00FFFE0)
T67C4 000:653.964   [0][5]: E00FF000 CID B105100D PID 000BB4C9 ROM Table
T67C4 000:653.975   ROMTbl[1] @ E00FF000
T67C4 000:653.979   CPU_ReadMem(64 bytes @ 0xE00FF000)
T67C4 000:655.570   CPU_ReadMem(32 bytes @ 0xE000EFE0)
T67C4 000:656.746   CPU_ReadMem(4 bytes @ 0xE000EFBC)
T67C4 000:657.529   CPU_ReadMem(4 bytes @ 0xE000EFCC)
T67C4 000:658.716   [1][0]: E000E000 CID B105900D PID 000BBD21 DEVARCH 47702A04 DEVTYPE 00 Cortex-M33
T67C4 000:658.720   CPU_ReadMem(32 bytes @ 0xE0001FE0)
T67C4 000:659.851   CPU_ReadMem(4 bytes @ 0xE0001FBC)
T67C4 000:660.587   CPU_ReadMem(4 bytes @ 0xE0001FCC)
T67C4 000:661.426   [1][1]: E0001000 CID B105900D PID 000BBD21 DEVARCH 47701A02 DEVTYPE 00 DWT
T67C4 000:661.435   CPU_ReadMem(32 bytes @ 0xE0002FE0)
T67C4 000:662.685   CPU_ReadMem(4 bytes @ 0xE0002FBC)
T67C4 000:663.590   CPU_ReadMem(4 bytes @ 0xE0002FCC)
T67C4 000:664.343   [1][2]: E0002000 CID B105900D PID 000BBD21 DEVARCH 47701A03 DEVTYPE 00 FPB
T67C4 000:664.350   CPU_ReadMem(32 bytes @ 0xE0000FE0)
T67C4 000:665.503   CPU_ReadMem(4 bytes @ 0xE0000FBC)
T67C4 000:666.261   CPU_ReadMem(4 bytes @ 0xE0000FCC)
T67C4 000:667.056   [1][3]: E0000000 CID B105900D PID 000BBD21 DEVARCH 47701A01 DEVTYPE 43 ITM
T67C4 000:667.060   CPU_ReadMem(32 bytes @ 0xE0041FE0)
T67C4 000:668.087   CPU_ReadMem(4 bytes @ 0xE0041FBC)
T67C4 000:668.771   CPU_ReadMem(4 bytes @ 0xE0041FCC)
T67C4 000:669.507   [1][5]: E0041000 CID B105900D PID 002BBD21 DEVARCH 47724A13 DEVTYPE 13 ETM
T67C4 000:669.512   CPU_ReadMem(32 bytes @ 0xE0042FE0)
T67C4 000:670.654   CPU_ReadMem(4 bytes @ 0xE0042FBC)
T67C4 000:671.413   CPU_ReadMem(4 bytes @ 0xE0042FCC)
T67C4 000:672.148   [1][6]: E0042000 CID B105900D PID 000BBD21 DEVARCH 47701A14 DEVTYPE 14 CSS600-CTI
T67C4 000:672.185   CPU_ReadMem(4 bytes @ 0xE000EDF0)
T67C4 000:672.931   Data:  01 00 18 00
T67C4 000:672.938   Debug reg: DHCSR
T67C4 000:672.945 - 76.037ms returns 0
T67C4 000:672.959 JLINK_ReadMem(0x400E002C, 0x4 Bytes, ...)
T67C4 000:672.965   CPU_ReadMem(4 bytes @ 0x400E002C)
T67C4 000:673.805   Data:  02 00 00 00
T67C4 000:673.809 - 0.850ms returns 0
T67C4 000:673.865 JLINK_ReadMem(0xE000EDF0, 0x4 Bytes, ...)
T67C4 000:673.869   CPU_ReadMem(4 bytes @ 0xE000EDF0)
T67C4 000:674.595   Data:  01 00 18 00
T67C4 000:674.598   Debug reg: DHCSR
T67C4 000:674.602 - 0.736ms returns 0
T67C4 000:674.618 JLINK_ReadMem(0xE000EDF0, 0x4 Bytes, ...)
T67C4 000:674.622   CPU_ReadMem(4 bytes @ 0xE000EDF0)
T67C4 000:675.371   Data:  01 00 18 00
T67C4 000:675.377   Debug reg: DHCSR
T67C4 000:675.383 - 0.764ms returns 0
T67C4 000:675.389 JLINK_ReadMem(0x400E001C, 0x4 Bytes, ...)
T67C4 000:675.395   CPU_ReadMem(4 bytes @ 0x400E001C)
T67C4 000:676.133   Data:  00 98 00 00
T67C4 000:676.142 - 0.753ms returns 0
T67C4 000:676.147 JLINK_ReadMem(0xE000EDF0, 0x4 Bytes, ...)
T67C4 000:676.150   CPU_ReadMem(4 bytes @ 0xE000EDF0)
T67C4 000:676.868   Data:  01 00 18 00
T67C4 000:676.872   Debug reg: DHCSR
T67C4 000:676.875 - 0.728ms returns 0
T67C4 000:676.878 JLINK_ReadMem(0x400E0018, 0x4 Bytes, ...)
T67C4 000:676.881   CPU_ReadMem(4 bytes @ 0x400E0018)
T67C4 000:677.689   Data:  00 00 01 00
T67C4 000:677.700 - 0.821ms returns 0
T67C4 000:677.708 JLINK_ReadMem(0xE000EDF0, 0x4 Bytes, ...)
T67C4 000:677.713   CPU_ReadMem(4 bytes @ 0xE000EDF0)
T67C4 000:678.502   Data:  01 00 18 00
T67C4 000:678.509   Debug reg: DHCSR
T67C4 000:678.514 - 0.806ms returns 0
T67C4 000:678.520 JLINK_ReadMem(0x400E0020, 0x4 Bytes, ...)
T67C4 000:678.525   CPU_ReadMem(4 bytes @ 0x400E0020)
T67C4 000:679.318   Data:  00 00 00 00
T67C4 000:679.327 - 0.807ms returns 0
T67C4 000:679.335 JLINK_ReadMem(0xE000EDF0, 0x4 Bytes, ...)
T67C4 000:679.341   CPU_ReadMem(4 bytes @ 0xE000EDF0)
T67C4 000:680.117   Data:  01 00 18 00
T67C4 000:680.123   Debug reg: DHCSR
T67C4 000:680.129 - 0.793ms returns 0
T67C4 000:680.134 JLINK_ReadMem(0x400E0028, 0x4 Bytes, ...)
T67C4 000:680.140   CPU_ReadMem(4 bytes @ 0x400E0028)
T67C4 000:680.948   Data:  00 20 00 00
T67C4 000:680.952 - 0.818ms returns 0
T67C4 000:680.957 JLINK_ReadMem(0xE000EDF0, 0x4 Bytes, ...)
T67C4 000:680.960   CPU_ReadMem(4 bytes @ 0xE000EDF0)
T67C4 000:681.736   Data:  01 00 18 00
T67C4 000:681.742   Debug reg: DHCSR
T67C4 000:681.748 - 0.790ms returns 0
T67C4 000:681.754 JLINK_ReadMem(0x400E0024, 0x4 Bytes, ...)
T67C4 000:681.759   CPU_ReadMem(4 bytes @ 0x400E0024)
T67C4 000:682.648   Data:  00 20 00 00
T67C4 000:682.658 - 0.904ms returns 0
T67C4 000:682.665 JLINK_ReadMem(0xE000EDF0, 0x4 Bytes, ...)
T67C4 000:682.671   CPU_ReadMem(4 bytes @ 0xE000EDF0)
T67C4 000:683.466   Data:  01 00 18 00
T67C4 000:683.479   Debug reg: DHCSR
T67C4 000:683.485 - 0.819ms returns 0
T67C4 000:683.490 JLINK_ReadMem(0x400E002C, 0x4 Bytes, ...)
T67C4 000:683.496   CPU_ReadMem(4 bytes @ 0x400E002C)
T67C4 000:684.282   Data:  02 00 00 00
T67C4 000:684.288 - 0.798ms returns 0
T67C4 000:684.296 JLINK_ReadMem(0xE000EDF0, 0x4 Bytes, ...)
T67C4 000:684.301   CPU_ReadMem(4 bytes @ 0xE000EDF0)
T67C4 000:685.110   Data:  01 00 18 00
T67C4 000:685.118   Debug reg: DHCSR
T67C4 000:685.124 - 0.828ms returns 0
T67C4 000:685.171 JLINK_ReadMem(0x400E002C, 0x4 Bytes, ...)
T67C4 000:685.176   CPU_ReadMem(4 bytes @ 0x400E002C)
T67C4 000:686.100   Data:  02 00 00 00
T67C4 000:686.105 - 0.934ms returns 0
T67C4 000:688.172 JLINK_Close()
T67C4 000:708.186 - 20.013ms
T67C4 000:708.202   
T67C4 000:708.205   Closed
